#### Test 50242285b143d21 Logs

Status: 
```

ios : false

server : IS Running:
Running 'jx install'
Skipping the log for NPM since the exitCode was 0
> jx index.js {"devices":{"ios":4,"android":20,"cancel":1}}
Integration server has received  [ 'jx',
  '/home/pi/Test/server_50242285b143d21/serverApp/index.js',
  '{"devices":{"ios":4,"android":20,"cancel":1}}' ]

JSON { devices: { ios: 4, android: 20, cancel: 1 } }



android : Error: Command failed: Error: Command failed: run_.sh aborted
 [0m


```
###Android Logs
####Node name: thali01
Console output:
```
STOP log received from  03157df360a1882a Test has  SUCCEEDED
STOP log received from  30049d9501da2100 Test has  SUCCEEDED
STOP log received from  LGH8153b36be34 Test has  SUCCEEDED
Device test finished on 30049d9501da2100 
Device test finished on LGH8153b36be34 
STOP log received from  W3D7N15428022572 Test has  SUCCEEDED
Device test finished on W3D7N15428022572 
Device test finished on 03157df360a1882a 
Android task is completed 
```

Logcat output:
```
samsung-SM-T232: 
--------- beginning of /dev/log/system
I/ActivityManager( 1194): rtcc_minfree = 82449,70671,58892,47114,35335
I/ActivityManager( 1194): Config changes=1df8 {0 1.0 ?mcc?mnc en_US ldltr sw600dp w600dp h961dp 213dpi lrg port ?uimode ?night -touch -keyb/v/h -nav/h s.2}
I/ActivityManager( 1194): Config changes=408 {0 1.0 ?mcc?mnc en_US ldltr sw600dp w600dp h936dp 213dpi lrg port ?uimode ?night finger -keyb/v/h -nav/h s.3}
I/ActivityManager( 1194): System now ready
I/ActivityManager( 1194): Config changes=200 {0 1.0 ?mcc?mnc en_US ldltr sw600dp w600dp h936dp 213dpi lrg port finger -keyb/v/h -nav/h s.4}
I/ActivityManager( 1194): !@ mBooting is set true!
I/ActivityManager( 1194): RTCC_TRIGGER_MSG, ASYNC.
W/ActivityManager( 1194): mDVFSHelper.release()
E/ActivityThread( 1578): Failed to find provider info for com.samsung.helphub.provider
W/ActivityManager( 1194): Unable to start service Intent { cmp=com.samsung.android.app.gestureservice/.GestureService } U=0: not found
W/ActivityManager( 1194): !@call fb1: post finishBooting() with 1000msec delay
I/ActivityManager( 1194): !@Boot: bootcomplete
W/ActivityThread( 3175): ClassLoader.getResources: The class loader returned by Thread.getContextClassLoader() may fail for processes that host multiple applications. You should explicitly specify a context class loader. For example: Thread.setContextClassLoader(getClass().getClassLoader());
W/ActivityThread( 3199): ClassLoader.getResources: The class loader returned by Thread.getContextClassLoader() may fail for processes that host multiple applications. You should explicitly specify a context class loader. For example: Thread.setContextClassLoader(getClass().getClassLoader());
I/ActivityManager( 1194): Killing 2740:com.sec.android.app.sbrowser/u0a114 (adj 15): bgCount ##33
I/ActivityManager( 1194): Killing 2772:com.sec.android.app.SecSetupWizard/1000 (adj 15): bgCount ##33
I/ActivityManager( 1194): Killing 1591:com.android.printspooler/u0a118 (adj 15): bgCount ##33
I/ActivityManager( 1194): Killing 2725:com.sec.android.app.mt/1000 (adj 15): bgCount ##33
I/ActivityManager( 1194): Killing 2901:com.sec.android.widgetapp.activeapplicationwidget/u0a123 (adj 15): bgCount ##33
I/ActivityManager( 1194): Killing 2918:com.samsung.android.app.memo/u0a130 (adj 15): bgCount ##33
I/ActivityManager( 1194): Killing 2931:com.sec.android.app.clockpackage/u0a133 (adj 15): bgCount ##33
I/ActivityManager( 1194): Killing 3009:com.sec.phone/u0a127 (adj 15): bgCount ##33
I/ActivityManager( 1194): Killing 3091:com.sec.android.widgetapp.samsungapps/u0a120 (adj 15): bgCount ##33
I/ActivityManager( 1194): Killing 3071:com.google.android.configupdater/u0a2 (adj 15): bgCount ##33
I/ActivityManager( 1194): Killing 3144:com.sec.dsm.system/1000 (adj 15): bgCount ##33
I/ActivityManager( 1194): Killing 3175:com.sec.android.app.factorykeystring/1000 (adj 15): bgCount ##33
I/ActivityManager( 1194): Killing 3199:com.sec.factory/1000 (adj 15): bgCount ##33
I/ActivityManager( 1194): Killing 3214:com.sec.android.fotaclient/u0a8 (adj 15): bgCount ##33
I/ActivityManager( 1194): Killing 3246:com.samsung.klmsagent/u0a15 (adj 15): bgCount ##33
I/ActivityManager( 1194): Killing 1496:com.samsung.android.MtpApplication/1000 (adj 15): bgCount ##33
I/ActivityManager( 1194): Killing 3263:com.android.onetimeinitializer/u0a21 (adj 15): bgCount ##33
I/ActivityManager( 1194): Killing 3278:com.sec.pcw.device/1000 (adj 15): bgCount ##33
I/ActivityManager( 1194): Killing 3306:com.vlingo.midas/u0a26 (adj 15): bgCount ##33
I/ActivityManager( 1194): Killing 3322:com.sec.spp.push/u0a28 (adj 15): bgCount ##33
W/ActivityManager( 1194): Unable to start service Intent { cmp=com.android.email/.service.AttachmentDownloadService } U=0: not found
W/ActivityManager( 1194): Unable to start service Intent { cmp=com.android.email/.service.AttachmentDownloadService } U=0: not found
I/ActivityManager( 1194): Killing 3336:com.osp.app.signin/u0a30 (adj 15): bgCount ##33
I/ActivityManager( 1194): Killing 2945:com.android.providers.calendar/u0a31 (adj 15): bgCount ##33
I/ActivityManager( 1194): Killing 2598:com.android.mms/u0a36 (adj 15): bgCount ##33
I/ActivityManager( 1194): Killing 1620:com.android.settings/1000 (adj 15): bgCount ##33
I/ActivityManager( 1194): Killing 3371:com.wssyncmldm/1000 (adj 15): bgCount ##33
I/ActivityManager( 1194): Killing 2560:com.google.android.partnersetup/u0a11 (adj 15): bgCount ##33
I/ActivityManager( 1194): Waited long enough for: ServiceRecord{4272c8b0 u0 com.google.android.gms/.gcm.GcmService}
I/ActivityManager( 1194): Killing 3396:com.google.android.googlequicksearchbox:search/u0a44 (adj 15): bgCount ##33
I/ActivityManager( 1194): Killing 3435:com.sec.providers.settingsearch/u0a136 (adj 15): bgCount ##33
I/ActivityManager( 1194): Waited long enough for: ServiceRecord{427e02e8 u0 com.sec.android.daemonapp/.ap.accuweather.WeatherClockService}
I/ActivityManager( 1194): Killing 3418:com.samsung.android.intelligenceservice/u0a52 (adj 15): bgCount ##33
I/ActivityManager( 1194): Killing 3459:com.samsung.android.scloud.backup/u0a53 (adj 15): bgCount ##33
I/ActivityManager( 1194): Process com.samsung.android.MtpApplication (pid 4145) (adj 0) has died.
I/ActivityManager( 1194): Killing 3473:com.samsung.android.scloud.sync/u0a55 (adj 15): bgCount ##33
I/ActivityManager( 1194): Killing 3487:com.wssnps/1000 (adj 15): bgCount ##33
I/ActivityManager( 1194): Killing 3500:com.samsung.android.app.accesscontrol/u0a57 (adj 15): bgCount ##33
I/ActivityManager( 1194): Killing 3517:com.sec.android.app.FileShareServer/u0a62 (adj 15): bgCount ##33
I/ActivityManager( 1194): Waited long enough for: ServiceRecord{429d2830 u0 com.samsung.android.providers.context/.ContextService}
I/ActivityManager( 1194): Killing 3532:com.sec.android.nearby.mediaserver/u0a63 (adj 15): bgCount ##33
W/ActivityThread( 4132): ClassLoader.getResources: The class loader returned by Thread.getContextClassLoader() may fail for processes that host multiple applications. You should explicitly specify a context class loader. For example: Thread.setContextClassLoader(getClass().getClassLoader());
I/ActivityManager( 1194): Killing 3545:com.samsung.android.app.assistantmenu/1000 (adj 15): bgCount ##33
W/ActivityManager( 1194): Unable to start service Intent { act=com.sec.knox.containeragent.service.containerinstallermanager.ContainerInstallerManagerService } U=0: not found
I/ActivityManager( 1194): Killing 3558:com.sec.android.app.bluetoothtest/1000 (adj 15): bgCount ##33
I/ActivityManager( 1194): Killing 3571:com.blurb.checkout/u0a67 (adj 15): bgCount ##33
I/ActivityManager( 1194): Waited long enough for: ServiceRecord{42919e08 u0 com.sec.android.pagebuddynotisvc/.PageBuddyNotiSvc}
I/ActivityManager( 1194): Waited long enough for: ServiceRecord{41d519b8 u0 com.sec.esdk.elm/.service.ElmAgentService}
I/ActivityManager( 1194): Process com.sec.android.app.sysscope (pid 3926) (adj 0) has died.
I/ActivityManager( 1194): Process com.sec.factory (pid 4132) (adj 0) has died.
I/ActivityManager( 1194): Killing 3584:com.samsung.android.app.colorblind/1000 (adj 15): bgCount ##33
I/ActivityManager( 1194): Killing 3597:com.dropbox.android/u0a78 (adj 15): bgCount ##33
W/ActivityThread( 4502): ClassLoader.getResources: The class loader returned by Thread.getContextClassLoader() may fail for processes that host multiple applications. You should explicitly specify a context class loader. For example: Thread.setContextClassLoader(getClass().getClassLoader());
I/ActivityManager( 1194): Killing 3636:com.sec.factory.camera/1000 (adj 15): bgCount ##33
I/ActivityManager( 1194): Killing 3650:com.samsung.android.app.watchmanagerstub/u0a86 (adj 15): bgCount ##33
I/ActivityManager( 1194): Killing 3727:com.samsung.scrc.idi.server/u0a91 (adj 15): bgCount ##33
I/ActivityManager( 1194): Waited long enough for: ServiceRecord{424cad88 u0 com.android.exchange/.ExchangeService}
I/ActivityManager( 1194): Waited long enough for: ServiceRecord{42703dc0 u0 com.android.exchange/.service.ExchangeBroadcastProcessorService}
I/ActivityManager( 1194): Killing 3741:com.samsung.helphub/1000 (adj 15): bgCount ##33
I/ActivityManager( 1194): Killing 3754:com.LocalFota/u0a92 (adj 15): bgCount ##33
I/ActivityManager( 1194): Killing 3771:com.sec.android.app.mt/1000 (adj 15): bgCount ##33
I/ActivityManager( 1194): Killing 3798:com.sec.android.app.sbrowser/u0a114 (adj 15): bgCount ##33
I/ActivityManager( 1194): Waited long enough for: ServiceRecord{428c6a28 u0 com.rxnetworks.rxnservicesxybrid/com.rxnetworks.rxnserviceslib.RXNetworksService}
I/ActivityManager( 1194): Killing 3822:com.sec.android.app.camera/u0a121 (adj 15): bgCount ##33
W/ActivityManager( 1194): mDVFSHelper.acquire()
I/ActivityManager( 1194): Waited long enough for: ServiceRecord{427ee7a0 u0 com.samsung.android.MtpApplication/.MtpService}
W/ActivityManager( 1194): mDVFSHelper.release()
E/ActivityThread( 3116): Activity com.gameloft.android.gdc.StartActivity has leaked IntentReceiver hj@41d69ff0 that was originally registered here. Are you missing a call to unregisterReceiver()?
E/ActivityThread( 3116): android.app.IntentReceiverLeaked: Activity com.gameloft.android.gdc.StartActivity has leaked IntentReceiver hj@41d69ff0 that was originally registered here. Are you missing a call to unregisterReceiver()?
E/ActivityThread( 3116): 	at android.app.LoadedApk$ReceiverDispatcher.<init>(LoadedApk.java:809)
E/ActivityThread( 3116): 	at android.app.LoadedApk.getReceiverDispatcher(LoadedApk.java:610)
E/ActivityThread( 3116): 	at android.app.ContextImpl.registerReceiverInternal(ContextImpl.java:1816)
E/ActivityThread( 3116): 	at android.app.ContextImpl.registerReceiver(ContextImpl.java:1796)
E/ActivityThread( 3116): 	at android.app.ContextImpl.registerReceiver(ContextImpl.java:1790)
E/ActivityThread( 3116): 	at android.content.ContextWrapper.registerReceiver(ContextWrapper.java:479)
E/ActivityThread( 3116): 	at hj.b(Unknown Source)
E/ActivityThread( 3116): 	at hj.a(Unknown Source)
E/ActivityThread( 3116): 	at hm.a(Unknown Source)
E/ActivityThread( 3116): 	at hi.run(Unknown Source)
E/ActivityThread( 3116): 	at java.lang.Thread.run(Thread.java:841)
I/ActivityManager( 1194): Killing 1725:com.sec.android.provider.badge/u0a65 (adj 15): bgCount ##33
I/ActivityManager( 1194): Killing 3898:com.sec.android.app.clockpackage/u0a133 (adj 15): bgCount ##33
I/ActivityManager( 1194): Killing 3911:com.sec.android.app.worldclock/u0a135 (adj 15): bgCount ##33
I/ActivityManager( 1194): Killing 3940:com.sec.android.app.controlpanel/u0a141 (adj 15): bgCount ##33
I/ActivityManager( 1194): Killing 3953:com.samsung.android.service.travel/u0a143 (adj 15): bgCount ##33
I/ActivityManager( 1194): Killing 3968:com.google.android.youtube/u0a146 (adj 15): bgCount ##33
I/ActivityManager( 1194): Killing 4035:com.gameloft.android.gdc:remote/u0a152 (adj 15): bgCount ##33
I/ActivityManager( 1194): Killing 4251:com.sec.spp.push:RemoteDlcProcess/u0a28 (adj 15): bgCount ##33
I/ActivityManager( 1194): Killing 4267:com.sec.spp.push:RemoteNotiProcess/u0a28 (adj 15): bgCount ##33
I/ActivityManager( 1194): Killing 4309:com.android.mms/u0a36 (adj 15): bgCount ##33
I/ActivityManager( 1194): Killing 3694:com.google.android.talk/u0a90 (adj 15): bgCount ##33
I/ActivityManager( 1194): Killing 4183:com.sec.android.widgetapp.SPlannerAppWidget/u0a34 (adj 15): bgCount ##33
I/ActivityManager( 1194): Killing 4210:com.android.calendar/u0a117 (adj 15): bgCount ##33
W/ActivityManager( 1194): mDVFSHelper.acquire()
W/ActivityManager( 1194): mDVFSHelper.release()
,--------- beginning of /dev/log/main
W/ActivityManager( 1194): mDVFSHelper.acquire()
W/ActivityManager( 1194): mDVFSHelper.release()
,W/jxcore-log( 4909): Initializing JXcore engine
W/jxcore-log( 4909): JXcore engine is ready
W/jxcore-log( 4909): Starting JXcore engine
W/jxcore-log( 4909): Platform android
W/jxcore-log( 4909): 
W/jxcore-log( 4909): Process ARCH arm
W/jxcore-log( 4909): 
I/jxcore-log( 4909): JXcore Cordova bridge is ready!
I/jxcore-log( 4909): 
W/jxcore-log( 4909): JXcore engine is started
E/jxcore-log( 4909): >> samsung-SM-T232
E/jxcore-log( 4909): 
I/jxcore-log( 4909): Total memory 1352024064
I/jxcore-log( 4909): 
I/jxcore-log( 4909): Free memory 221356032
I/jxcore-log( 4909): 
I/jxcore-log( 4909): execPath /data/data/com.example.hello/files/www/jxcore
I/jxcore-log( 4909): 
I/jxcore-log( 4909): process.cwd /data/data/com.example.hello/files/www/jxcore
I/jxcore-log( 4909): 
I/jxcore-log( 4909): userPath [ 'www' ]
I/jxcore-log( 4909): 
I/jxcore-log( 4909): Size 800 1280
I/jxcore-log( 4909): 
I/jxcore-log( 4909): Screen Brightness 143
I/jxcore-log( 4909): 
E/jxcore-log( 4909): Dummy Error Log.
E/jxcore-log( 4909): 
I/jxcore-log( 4909): getBuffer is called!!!!
I/jxcore-log( 4909): 
,I/jxcore-log( 4909): ****TEST TOOK:  5122  ms ****
I/jxcore-log( 4909): 
,I/jxcore-log( 4909): ****TEST_LOGGER:[PROCESS_ON_EXIT_SUCCESS]****
I/jxcore-log( 4909): 
,I/ActivityManager( 1194): Killing 4909:com.example.hello/u0a357 (adj 0): stop com.example.hello


samsung-SM-G920F: 
--------- beginning of main
I/ActivityManager( 3487): do not start freezing screen for locked container getKeyguardshowstate = false
W/ActivityManager( 3487): userId = 0, bbcId = -10000
W/ActivityManager( 3487): NORMAL SET : dst_category = 0, src_allowCategory = 0,2-1023
W/ActivityManager( 3487): NORMAL SET : srcAppInfo.processName = com.samsung.android.MtpApplication, destAppInfo.processName = com.android.settings
--------- beginning of system
W/ActivityManager( 3487): mDVFSHelper.acquire()
V/ActivityManager( 3487): Display changed displayId=0
E/ActivityManager( 3487): Invalid thumbnail dimensions: 768x768
W/ActivityManager( 3487): userId = 0, bbcId = -10000
W/ActivityManager( 3487): NORMAL SET : dst_category = 0, src_allowCategory = 0,2-1023
W/ActivityManager( 3487): NORMAL SET : srcAppInfo.processName = com.sec.android.app.launcher, destAppInfo.processName = com.samsung.android.email.widget
E/ActivityManager( 3487): checkUser: useridlist=null, currentuser=0
E/ActivityManager( 3487): checkUser: useridlist=null, currentuser=0
E/ActivityManager( 3487): checkUser: useridlist=null, currentuser=0
E/ActivityManager( 3487): checkUser: useridlist=null, currentuser=0
I/ActivityManager( 3487): Start proc com.samsung.android.email.widget for broadcast com.samsung.android.email.widget/.WidgetProvider: pid=9785 uid=10044 gids={50044, 9997} abi=arm64-v8a
D/ActivityManager( 3487): handle home activity for 0
D/ActivityManager( 3487): post active user change for 0 fullscreen true record.isFloatingActivity() false
D/ActivityThread( 9785): Added TimaKeyStore provider
W/ActivityManager( 3487): userId = 0, bbcId = -10000
W/ActivityManager( 3487): NORMAL SET : dst_category = 0, src_allowCategory = 0,2-1023
W/ActivityManager( 3487): NORMAL SET : srcAppInfo.processName = com.sec.android.app.launcher, destAppInfo.processName = com.android.mms
W/ActivityManager( 3487): userId = 0, bbcId = -10000
W/ActivityManager( 3487): NORMAL SET : dst_category = 0, src_allowCategory = 0,2-1023
W/ActivityManager( 3487): NORMAL SET : srcAppInfo.processName = com.sec.android.app.launcher, destAppInfo.processName = com.android.systemui
I/ActivityManager( 3487): Killing 9297:com.policydm/1000 (adj 15): empty #25
W/ActivityManager( 3487): userId = 0, bbcId = -10000
W/ActivityManager( 3487): NORMAL SET : dst_category = 0, src_allowCategory = 0,2-1023
W/ActivityManager( 3487): NORMAL SET : srcAppInfo.processName = com.sec.android.app.launcher, destAppInfo.processName = com.sec.android.widgetapp.digitalclock
E/ActivityManager( 3487): checkUser: useridlist=null, currentuser=0
E/ActivityManager( 3487): checkUser: useridlist=null, currentuser=0
E/ActivityManager( 3487): checkUser: useridlist=null, currentuser=0
E/ActivityManager( 3487): checkUser: useridlist=null, currentuser=0
I/ActivityManager( 3487): Start proc com.sec.android.widgetapp.digitalclock for broadcast com.sec.android.widgetapp.digitalclock/.DigitalClockWidgetProvider: pid=9801 uid=10100 gids={50100, 9997} abi=arm64-v8a
D/ActivityThread( 9801): Added TimaKeyStore provider
W/ActivityManager( 3487): userId = 0, bbcId = -10000
W/ActivityManager( 3487): NORMAL SET : dst_category = 0, src_allowCategory = 0,2-1023
W/ActivityManager( 3487): NORMAL SET : srcAppInfo.processName = com.sec.android.app.launcher, destAppInfo.processName = com.sec.android.widgetapp.dualclockdigital
E/ActivityManager( 3487): checkUser: useridlist=null, currentuser=0
E/ActivityManager( 3487): checkUser: useridlist=null, currentuser=0
E/ActivityManager( 3487): checkUser: useridlist=null, currentuser=0
E/ActivityManager( 3487): checkUser: useridlist=null, currentuser=0
I/ActivityManager( 3487): Start proc com.sec.android.widgetapp.dualclockdigital for broadcast com.sec.android.widgetapp.dualclockdigital/.DigitalDualClockWidgetProvider: pid=9816 uid=10103 gids={50103, 9997, 3003} abi=arm64-v8a
I/ActivityManager( 3487): Killing 9319:com.osp.app.signin/u0a37 (adj 15): empty #25
D/ActivityThread( 9816): Added TimaKeyStore provider
W/ActivityManager( 3487): userId = 0, bbcId = -10000
W/ActivityManager( 3487): NORMAL SET : dst_category = 0, src_allowCategory = 0,2-1023
W/ActivityManager( 3487): NORMAL SET : srcAppInfo.processName = com.sec.android.app.launcher, destAppInfo.processName = com.sec.android.app.camera
E/ActivityManager( 3487): checkUser: useridlist=null, currentuser=0
E/ActivityManager( 3487): checkUser: useridlist=null, currentuser=0
E/ActivityManager( 3487): checkUser: useridlist=null, currentuser=0
E/ActivityManager( 3487): checkUser: useridlist=null, currentuser=0
I/ActivityManager( 3487): Start proc com.sec.android.app.camera for broadcast com.sec.android.app.camera/.HomeResumeCamera: pid=9832 uid=10152 gids={50152, 9997, 1028, 1015, 3003, 1023} abi=arm64-v8a
I/ActivityManager( 3487): Killing 7591:com.samsung.android.SettingsReceiver/1000 (adj 15): empty #25
D/ActivityThread( 9832): Added TimaKeyStore provider
W/ActivityManager( 3487): userId = 0, bbcId = -10000
W/ActivityManager( 3487): NORMAL SET : dst_category = 0, src_allowCategory = 0,2-1023
W/ActivityManager( 3487): NORMAL SET : srcAppInfo.processName = com.sec.android.app.launcher, destAppInfo.processName = com.android.phone
I/ActivityManager( 3487): Killing 8359:com.samsung.android.sm/1000 (adj 15): empty #25
W/ActivityManager( 3487): userId = 0, bbcId = -10000
W/ActivityManager( 3487): NORMAL SET : dst_category = 0, src_allowCategory = 0,2-1023
W/ActivityManager( 3487): NORMAL SET : srcAppInfo.processName = com.sec.android.app.launcher, destAppInfo.processName = com.android.phone
,I/ActivityManager( 3487): do not start freezing screen for locked container getKeyguardshowstate = false
W/ActivityManager( 3487): mDVFSHelper.acquire()
E/ActivityManager( 3487): checkUser: useridlist=null, currentuser=0
E/ActivityManager( 3487): checkUser: useridlist=null, currentuser=0
E/ActivityManager( 3487): checkUser: useridlist=null, currentuser=0
E/ActivityManager( 3487): checkUser: useridlist=null, currentuser=0
I/ActivityManager( 3487): Start proc com.example.hello for activity com.example.hello/.MainActivity: pid=9858 uid=10434 gids={50434, 9997, 3003, 3001, 3002} abi=armeabi-v7a
V/ActivityThread( 4256): updateVisibility : ActivityRecord{2b310189 token=android.os.BinderProxy@3c7df2ad {com.sec.android.app.launcher/com.sec.android.app.launcher.activities.LauncherActivity}} show : true
D/ActivityThread( 9858): Added TimaKeyStore provider
V/ActivityThread( 4256): updateVisibility : ActivityRecord{2b310189 token=android.os.BinderProxy@3c7df2ad {com.sec.android.app.launcher/com.sec.android.app.launcher.activities.LauncherActivity}} show : false
,D/ActivityManager( 3487): post active user change for 0 fullscreen true record.isFloatingActivity() false
I/ActivityManager( 3487): Displayed Component not be shown by security: +496ms
W/ActivityManager( 3487): mDVFSHelper.release()
W/jxcore-log( 9858): Initializing JXcore engine
W/jxcore-log( 9858): JXcore engine is ready
W/jxcore-log( 9858): Starting JXcore engine
W/jxcore-log( 9858): Platform android
W/jxcore-log( 9858): 
W/jxcore-log( 9858): Process ARCH arm
W/jxcore-log( 9858): 
I/jxcore-log( 9858): JXcore Cordova bridge is ready!
I/jxcore-log( 9858): 
W/jxcore-log( 9858): JXcore engine is started
E/jxcore-log( 9858): >> samsung-SM-G920F
E/jxcore-log( 9858): 
I/jxcore-log( 9858): Total memory 2829074432
I/jxcore-log( 9858): 
I/jxcore-log( 9858): Free memory 48443392
I/jxcore-log( 9858): 
I/jxcore-log( 9858): execPath /data/data/com.example.hello/files/www/jxcore
I/jxcore-log( 9858): 
I/jxcore-log( 9858): process.cwd /data/data/com.example.hello/files/www/jxcore
I/jxcore-log( 9858): 
I/jxcore-log( 9858): userPath [ 'rList-com.example.hello.MainActivity', 'www' ]
I/jxcore-log( 9858): 
I/jxcore-log( 9858): Size 1440 2560
I/jxcore-log( 9858): 
I/jxcore-log( 9858): Screen Brightness 134
I/jxcore-log( 9858): 
E/jxcore-log( 9858): Dummy Error Log.
E/jxcore-log( 9858): 
I/jxcore-log( 9858): getBuffer is called!!!!
I/jxcore-log( 9858): 
V/ActivityThread( 9858): updateVisibility : ActivityRecord{26e297cd token=android.os.BinderProxy@6ff5cf6 {com.example.hello/com.example.hello.MainActivity}} show : true
E/ActivityManager( 3487): checkUser: useridlist=null, currentuser=0
E/ActivityManager( 3487): checkUser: useridlist=null, currentuser=0
E/ActivityManager( 3487): checkUser: useridlist=null, currentuser=0
E/ActivityManager( 3487): checkUser: useridlist=null, currentuser=0
I/ActivityManager( 3487): Start proc com.samsung.android.SettingsReceiver for broadcast com.samsung.android.SettingsReceiver/.AccessibilityReceiver: pid=9924 uid=1000 gids={41000, 9997, 3002, 3001, 3003, 1028, 1015, 1007, 1023, 2001, 1024, 1001} abi=arm64-v8a
D/ActivityThread( 9924): Added TimaKeyStore provider
I/ActivityManager( 3487): Killing 9338:com.sec.android.app.soundalive/u0a54 (adj 15): empty #25
D/ActivityManager( 3487): retrieveServiceLocked(): component = null; callingUser = 0; userId(target) = 0
W/ActivityManager( 3487): userId = 0, bbcId = -10000
W/ActivityManager( 3487): NORMAL SET : dst_category = 701, src_allowCategory = 0,701-1023
W/ActivityManager( 3487): NORMAL SET : srcAppInfo.processName = com.google.android.gms, destAppInfo.processName = com.google.android.gms
V/ActivityManager( 3487): Display changed displayId=0
,I/jxcore-log( 9858): ****TEST TOOK:  5070  ms ****
I/jxcore-log( 9858): 
,I/jxcore-log( 9858): ****TEST_LOGGER:[PROCESS_ON_EXIT_SUCCESS]****
I/jxcore-log( 9858): 
,I/ActivityManager( 3487): Force stopping com.example.hello appid=10434 user=-1: uninstall pkg
I/ActivityManager( 3487): Killing 9858:com.example.hello/u0a434 (adj 0): stop com.example.hello cause uninstall pkg
,I/ActivityManager( 3487):   Force finishing activity ActivityRecord{80c3d14 u0 com.example.hello/.MainActivity t44}
,I/ActivityManager( 3487): Force stopping com.example.hello appid=10434 user=0: pkg removed
,W/ActivityManager( 3487): CustomStartingWindow se packge removed so remove capture also
,E/ActivityManager( 3487): checkUser: useridlist=null, currentuser=0
E/ActivityManager( 3487): checkUser: useridlist=null, currentuser=0
E/ActivityManager( 3487): checkUser: useridlist=null, currentuser=0
E/ActivityManager( 3487): checkUser: useridlist=null, currentuser=0
,I/ActivityManager( 3487): Start proc com.samsung.android.app.vrsetupwizardstub for broadcast com.samsung.android.app.vrsetupwizardstub/.system.PackageIntentReceiver: pid=9989 uid=10059 gids={50059, 9997, 3003, 1028, 1015} abi=arm64-v8a
,D/ActivityManager( 3487): retrieveServiceLocked(): component = com.sec.android.app.launcher/com.sec.android.app.launcher.services.LauncherService; callingUser = 0; userId(target) = 0
,W/ActivityManager( 3487): userId = 0, bbcId = -10000
,W/ActivityManager( 3487): NORMAL SET : dst_category = 0, src_allowCategory = 0,2-1023
,W/ActivityManager( 3487): NORMAL SET : srcAppInfo.processName = com.sec.android.app.launcher, destAppInfo.processName = com.sec.android.app.launcher
,D/ActivityThread( 9989): Added TimaKeyStore provider
,D/ActivityManager( 3487): retrieveServiceLocked(): component = com.google.android.music/com.google.android.music.dial.DialMediaRouteProviderService; callingUser = 0; userId(target) = 0
,W/ActivityManager( 3487): userId = 0, bbcId = -10000
W/ActivityManager( 3487): Permission Denial: Accessing service ComponentInfo{com.google.android.music/com.google.android.music.dial.DialMediaRouteProviderService} from pid=5345, uid=10127 that is not exported from uid 10125
W/ActivityManager( 3487): NORMAL SET : dst_category = 701, src_allowCategory = 0,701-1023
W/ActivityManager( 3487): NORMAL SET : srcAppInfo.processName = com.microsoft.skydrive, destAppInfo.processName = com.google.android.music:main
,D/ActivityManager( 3487): retrieveServiceLocked(): component = com.vodafone.vodafone360updates/com.vodafone.vodafone360updates.agent.Agent; callingUser = 0; userId(target) = 0
W/ActivityManager( 3487): userId = 0, bbcId = -10000
W/ActivityManager( 3487): NORMAL SET : dst_category = 0, src_allowCategory = 0,2-1023
W/ActivityManager( 3487): NORMAL SET : srcAppInfo.processName = com.vodafone.vodafone360updates, destAppInfo.processName = com.vodafone.vodafone360updates
,E/ActivityManager( 3487): checkUser: useridlist=null, currentuser=0
E/ActivityManager( 3487): checkUser: useridlist=null, currentuser=0
E/ActivityManager( 3487): checkUser: useridlist=null, currentuser=0
E/ActivityManager( 3487): checkUser: useridlist=null, currentuser=0
,I/ActivityManager( 3487): Start proc com.samsung.android.coreapps for content provider com.samsung.android.coreapps/.easysignup.db.EasySignUpProviderPublic: pid=10007 uid=10098 gids={50098, 9997, 3003, 1028, 1015} abi=arm64-v8a
,I/ActivityManager( 3487): Killing 9420:com.samsung.android.app.assistantmenu/1000 (adj 15): empty #25
,D/ActivityThread(10007): Added TimaKeyStore provider
,I/ActivityManager( 3487): Killing 9443:com.samsung.android.bbc.bbcagent/1000 (adj 15): empty #25
,D/ActivityManager( 3487): retrieveServiceLocked(): component = com.samsung.klmsagent/com.samsung.klmsagent.services.KLMSIntentService; callingUser = 0; userId(target) = 0
,W/ActivityManager( 3487): userId = 0, bbcId = -10000
W/ActivityManager( 3487): NORMAL SET : dst_category = 0, src_allowCategory = 0,2-1023
W/ActivityManager( 3487): NORMAL SET : srcAppInfo.processName = com.samsung.klmsagent, destAppInfo.processName = com.samsung.klmsagent
,E/ActivityManager( 3487): checkUser: useridlist=null, currentuser=0
E/ActivityManager( 3487): checkUser: useridlist=null, currentuser=0
E/ActivityManager( 3487): checkUser: useridlist=null, currentuser=0
E/ActivityManager( 3487): checkUser: useridlist=null, currentuser=0
I/ActivityManager( 3487): Start proc com.sec.esdk.elm for broadcast com.sec.esdk.elm/.receiver.MainReceiver: pid=10023 uid=10104 gids={50104, 9997, 3003} abi=arm64-v8a
,D/ActivityThread(10023): Added TimaKeyStore provider
,D/ActivityManager( 3487): retrieveServiceLocked(): component = com.sec.esdk.elm/com.sec.esdk.elm.service.ElmAgentService; callingUser = 0; userId(target) = 0
,W/ActivityManager( 3487): userId = 0, bbcId = -10000
W/ActivityManager( 3487): NORMAL SET : dst_category = 0, src_allowCategory = 0,2-1023
W/ActivityManager( 3487): NORMAL SET : srcAppInfo.processName = com.sec.esdk.elm, destAppInfo.processName = com.sec.esdk.elm
,E/ActivityManager( 3487): checkUser: useridlist=null, currentuser=0
E/ActivityManager( 3487): checkUser: useridlist=null, currentuser=0
E/ActivityManager( 3487): checkUser: useridlist=null, currentuser=0
E/ActivityManager( 3487): checkUser: useridlist=null, currentuser=0
,I/ActivityManager( 3487): Start proc com.sec.pcw.device for broadcast com.sec.pcw.device/.receiver.SYSTEMReceiver: pid=10055 uid=1000 gids={41000, 9997, 3002, 3001, 3003, 1028, 1015, 1007, 1023, 2001, 1024, 1001} abi=arm64-v8a
,I/ActivityManager( 3487): Killing 9458:com.samsung.android.app.filterinstaller/1000 (adj 15): empty #25
,D/ActivityThread(10055): Added TimaKeyStore provider
,D/ActivityManager( 3487): retrieveServiceLocked(): component = com.google.android.googlequicksearchbox/com.google.android.voicesearch.logger.EventLoggerService; callingUser = 0; userId(target) = 0


LGE-LG-H815: 
--------- beginning of main
--------- beginning of system
I/ActivityManager( 1281): Killing 8602:com.lge.bnr/1000 (adj 15): empty #22
W/ActivityManager( 1281): Unable to start service Intent { act=com.lge.ime.intent.ANDROID_CONTACT_DB_UPDATED pkg=com.lge.ime } U=0: not found
I/ActivityManager( 1281): Start proc 9160:com.lge.eodengine/1000 for broadcast com.lge.eodengine/.EodEngineReceiver
I/ActivityManager( 1281): Killing 8677:com.lge.clock/u0a16 (adj 15): empty #22
I/ActivityManager( 1281): Start proc 9191:com.lge.bnr/1000 for broadcast com.lge.bnr/.receiver.BNRAppInstallReceiver
I/ActivityManager( 1281): Start proc 9212:com.google.android.gms:car/u0a6 for service com.google.android.gms/.car.CarService
W/ActivityManager( 1281): getRunningAppProcesses: caller 10049 does not hold REAL_GET_TASKS; limiting output
W/ActivityManager( 1281): getRunningAppProcesses: caller 10049 does not hold REAL_GET_TASKS; limiting output
I/ActivityManager( 1281): Start proc 9238:com.lge.exchange/u0a22 for broadcast com.lge.exchange/.receiver.PackageChangeReceiver
W/ActivityManager( 1281): getRunningAppProcesses: caller 10049 does not hold REAL_GET_TASKS; limiting output
W/ActivityManager( 1281): getRunningAppProcesses: caller 10049 does not hold REAL_GET_TASKS; limiting output
W/ActivityManager( 1281): getRunningAppProcesses: caller 10049 does not hold REAL_GET_TASKS; limiting output
W/ActivityManager( 1281): getRunningAppProcesses: caller 10049 does not hold REAL_GET_TASKS; limiting output
I/ActivityManager( 1281): Start proc 9263:com.lge.email/u0a56 for content provider com.lge.email/.providers.EmailProvider
I/ActivityManager( 1281): Killing 8622:com.google.android.music:main/u0a123 (adj 15): empty #22
I/ActivityManager( 1281): Killing 8734:com.lge.sizechangable.weather.platform/u0a96 (adj 15): empty #22
I/ActivityManager( 1281): Killing 8755:com.lge.myplace/u0a30 (adj 15): empty #22
,I/ActivityManager( 1281): Start proc 9293:com.lge.NfcSettings/1000 for broadcast com.lge.NfcSettings/.search.NfcSearchingDBUpdateReceiver
I/ActivityManager( 1281): Start proc 9317:com.lge.eula/u0a105 for broadcast com.lge.eula/.service.LicenseProviderUpdateObserver
I/ActivityManager( 1281): Killing 8777:com.google.android.gm/u0a113 (adj 15): empty #22
I/ActivityManager( 1281): Start proc 9354:com.google.android.apps.docs/u0a118 for broadcast com.google.android.apps.docs/.receivers.AppPackageAddRemoveReceiver
I/ActivityManager( 1281): Killing 8833:com.google.android.setupwizard/u0a54 (adj 15): empty #22
I/ActivityManager( 1281): START u0 {flg=0x10000000 cmp=com.example.hello/.MainActivity} from uid 2000 on display 0
D/ActivityManager( 1281): setTaskToReturnTo : TaskRecord{1a75e57e #47 A=com.example.hello U=0 sz=0} / mTaskToReturnTo = 1
D/ActivityManager( 1281): setTaskToReturnTo : TaskRecord{1a75e57e #47 A=com.example.hello U=0 sz=0} / mTaskToReturnTo = 1
I/ActivityManager( 1281): Start proc 9378:com.example.hello/u0a360 for activity com.example.hello/.MainActivity
W/ActivityThread( 4220): Performing stop of activity that is not resumed: {com.lge.launcher2/com.lge.launcher2.Launcher}
W/ActivityThread( 4220): java.lang.RuntimeException: Performing stop of activity that is not resumed: {com.lge.launcher2/com.lge.launcher2.Launcher}
W/ActivityThread( 4220): 	at android.app.ActivityThread.performStopActivityInner(ActivityThread.java:3450)
W/ActivityThread( 4220): 	at android.app.ActivityThread.handleStopActivity(ActivityThread.java:3539)
W/ActivityThread( 4220): 	at android.app.ActivityThread.access$1100(ActivityThread.java:162)
W/ActivityThread( 4220): 	at android.app.ActivityThread$H.handleMessage(ActivityThread.java:1378)
W/ActivityThread( 4220): 	at android.os.Handler.dispatchMessage(Handler.java:102)
W/ActivityThread( 4220): 	at android.os.Looper.loop(Looper.java:135)
W/ActivityThread( 4220): 	at android.app.ActivityThread.main(ActivityThread.java:5430)
W/ActivityThread( 4220): 	at java.lang.reflect.Method.invoke(Native Method)
W/ActivityThread( 4220): 	at java.lang.reflect.Method.invoke(Method.java:372)
W/ActivityThread( 4220): 	at com.android.internal.os.ZygoteInit$MethodAndArgsCaller.run(ZygoteInit.java:913)
W/ActivityThread( 4220): 	at com.android.internal.os.ZygoteInit.main(ZygoteInit.java:706)
I/ActivityManager( 1281): Activity reported stop, but no longer stopping: ActivityRecord{5595c69 u0 com.lge.launcher2/.Launcher t45}
W/ActivityManager( 1281): getRunningAppProcesses: caller 10118 does not hold REAL_GET_TASKS; limiting output
W/ActivityManager( 1281): getRunningAppProcesses: caller 10118 does not hold REAL_GET_TASKS; limiting output
I/ActivityManager( 1281): Killing 8910:com.lge.lgaccount/u0a107 (adj 15): empty #22
I/ActivityManager( 1281): Killing 8579:com.lge.sizechangable.weather/u0a136 (adj 15): empty #23
I/ActivityManager( 1281): Displayed com.example.hello/.MainActivity: +697ms (total +35s774ms)
W/ActivityManager( 1281): getRunningAppProcesses: caller 10118 does not hold REAL_GET_TASKS; limiting output
W/jxcore-log( 9378): Initializing JXcore engine
W/jxcore-log( 9378): JXcore engine is ready
W/jxcore-log( 9378): Starting JXcore engine
W/ActivityManager( 1281): getRunningAppProcesses: caller 10118 does not hold REAL_GET_TASKS; limiting output
W/jxcore-log( 9378): Platform android
W/jxcore-log( 9378): 
W/jxcore-log( 9378): Process ARCH arm
W/jxcore-log( 9378): 
I/jxcore-log( 9378): JXcore Cordova bridge is ready!
I/jxcore-log( 9378): 
W/jxcore-log( 9378): JXcore engine is started
E/jxcore-log( 9378): >> LGE-LG-H815
E/jxcore-log( 9378): 
I/jxcore-log( 9378): Total memory 2968948736
I/jxcore-log( 9378): 
I/jxcore-log( 9378): Free memory 71688192
I/jxcore-log( 9378): 
I/jxcore-log( 9378): execPath /data/data/com.example.hello/files/www/jxcore
I/jxcore-log( 9378): 
I/jxcore-log( 9378): process.cwd /data/data/com.example.hello/files/www/jxcore
I/jxcore-log( 9378): 
I/jxcore-log( 9378): userPath [ 'www' ]
I/jxcore-log( 9378): 
I/jxcore-log( 9378): Size 1440 2392
I/jxcore-log( 9378): 
I/jxcore-log( 9378): Screen Brightness 255
I/jxcore-log( 9378): 
E/jxcore-log( 9378): Dummy Error Log.
E/jxcore-log( 9378): 
I/ActivityManager( 1281): Killing 8890:com.lge.lifetracker/u0a137 (adj 15): empty #22
I/jxcore-log( 9378): getBuffer is called!!!!
I/jxcore-log( 9378): 
I/ActivityManager( 1281): Start proc 9461:com.google.android.gm/u0a113 for broadcast com.google.android.gm/.widget.GmailWidgetProvider
D/ActivityThread( 9461): Loading provider com.google.android.gmail.provider;com.android.mail.notifier;com.google.android.gm.email.provider;com.google.android.gm.email.notifier: com.android.email.provider.EmailProvider
,W/ActivityManager( 1281): Unable to start service Intent { act=com.google.android.gm.email.EXCHANGE_INTENT pkg=com.google.android.gm.exchange } U=0: not found
,W/ActivityManager( 1281): Unable to start service Intent { act=com.google.android.gm.email.EXCHANGE_INTENT pkg=com.google.android.gm.exchange } U=0: not found
,W/ActivityManager( 1281): Unable to start service Intent { cmp=com.google.android.gm/com.android.email.service.AttachmentService } U=0: not found
,W/ActivityManager( 1281): Unable to start service Intent { act=com.google.android.gm.email.EXCHANGE_INTENT pkg=com.google.android.gm.exchange } U=0: not found
,W/ActivityManager( 1281): Unable to start service Intent { act=com.google.android.gm.email.EXCHANGE_INTENT pkg=com.google.android.gm.exchange } U=0: not found
,I/ActivityManager( 1281): Start proc 9503:com.google.android.music:main/u0a123 for broadcast com.google.android.music/.leanback.AutoCacheSchedulingService$EnablingReceiver
,W/ActivityManager( 1281): getRunningAppProcesses: caller 10123 does not hold REAL_GET_TASKS; limiting output
,I/ActivityManager( 1281): Killing 8932:com.lge.bioitplatform.sdservice.service/u0a4 (adj 15): empty #22
,W/ActivityManager( 1281): getRunningAppProcesses: caller 10360 does not hold REAL_GET_TASKS; limiting output
,I/jxcore-log( 9378): ****TEST TOOK:  5041  ms ****
I/jxcore-log( 9378): 
,I/jxcore-log( 9378): ****TEST_LOGGER:[PROCESS_ON_EXIT_SUCCESS]****
I/jxcore-log( 9378): 
,I/ActivityManager( 1281): Force stopping com.example.hello appid=10360 user=-1: uninstall pkg
I/ActivityManager( 1281): Killing 9378:com.example.hello/u0a360 (adj 0): stop com.example.hello
,W/ActivityManager( 1281): Force removing ActivityRecord{2d934adf u0 com.example.hello/.MainActivity t47}: app died, no saved state,
,I/ActivityManager( 1281): Force stopping com.example.hello appid=10360 user=0: pkg removed
,W/ActivityManager( 1281): Spurious death for ProcessRecord{17268a6e 9378:com.example.hello/u0a360}, curProc for 9378: null
,I/ActivityManager( 1281): Start proc 9592:com.lge.provider.lockscreensettings/u0a84 for content provider com.lge.provider.lockscreensettings/.LockSettingsDBProvider
,I/ActivityManager( 1281): Displayed com.lge.launcher2/.Launcher: +175ms
,I/ActivityManager( 1281): Start proc 9613:com.android.settings/1000 for broadcast com.android.settings/.hotkey.PackageIntentReceiver
,I/ActivityManager( 1281): Killing 8414:com.android.defcontainer/u0a3 (adj 15): empty #22
,I/ActivityManager( 1281): Killing 8988:com.google.android.partnersetup/u0a5 (adj 15): empty #22


HUAWEI-ALE-L21: 
int logctl_get(): open '/dev/hwlog_switch' fail -1, 13. Permission denied

Note: log switch off, only log_main and log_events will have logs!
--------- beginning of main
I/ActivityManager( 2936): filter receiver for action = com.android.calendar.APPWIDGET_UPDATE
I/ActivityManager( 2936): filter receiver for action = com.android.mail.ACTION_NOTIFY_DATASET_CHANGED
I/ActivityManager( 2936): filter receiver for action = com.android.mail.ACTION_NOTIFY_DATASET_CHANGED
I/ActivityManager( 2936): filter receiver for action = android.intent.action.PROVIDER_CHANGED
,I/ActivityManager( 2936): filter receiver for action = com.google.android.gms.gcm.ACTION_SCHEDULE
,I/ActivityManager( 2936): Displayed com.example.hello/.MainActivity: +1s717ms
,W/jxcore-log( 6215): Initializing JXcore engine
W/jxcore-log( 6215): JXcore engine is ready
,W/jxcore-log( 6215): Starting JXcore engine
,W/jxcore-log( 6215): Platform android
W/jxcore-log( 6215): 
W/jxcore-log( 6215): Process ARCH arm
W/jxcore-log( 6215): 
,I/jxcore-log( 6215): JXcore Cordova bridge is ready!
I/jxcore-log( 6215): 
,W/jxcore-log( 6215): JXcore engine is started
,E/jxcore-log( 6215): >> HUAWEI-ALE-L21
E/jxcore-log( 6215): 
,I/jxcore-log( 6215): Total memory 1949741056
I/jxcore-log( 6215): 
,I/jxcore-log( 6215): Free memory 19128320
I/jxcore-log( 6215): 
,I/jxcore-log( 6215): execPath /data/data/com.example.hello/files/www/jxcore
I/jxcore-log( 6215): 
I/jxcore-log( 6215): process.cwd /data/data/com.example.hello/files/www/jxcore
I/jxcore-log( 6215): 
,I/jxcore-log( 6215): userPath [ 'www' ]
I/jxcore-log( 6215): 
,I/jxcore-log( 6215): Size 720 1184
I/jxcore-log( 6215): 
,I/jxcore-log( 6215): Screen Brightness 242
I/jxcore-log( 6215): 
,E/jxcore-log( 6215): Dummy Error Log.
E/jxcore-log( 6215): 
,I/jxcore-log( 6215): getBuffer is called!!!!
I/jxcore-log( 6215): 
,I/ActivityManager( 2936): filter receiver for action = android.intent.action.PACKAGE_CHANGED
,I/ActivityManager( 2936): filter receiver for action = com.android.mail.ACTION_NOTIFY_DATASET_CHANGED
,I/ActivityManager( 2936): filter receiver for action = com.google.android.music.START_DOWNLOAD_SCHEDULING
,I/jxcore-log( 6215): ****TEST TOOK:  5106  ms ****
I/jxcore-log( 6215): 
,I/jxcore-log( 6215): ****TEST_LOGGER:[PROCESS_ON_EXIT_SUCCESS]****
I/jxcore-log( 6215): 
,I/ActivityManager( 2936): filter receiver for action = android.intent.action.PACKAGE_REMOVED
,I/ActivityManager( 2936): filter receiver for action = android.intent.action.PACKAGE_FULLY_REMOVED


```

####Node name: thali02
Console output:
```
STOP log received from  09a9416e0297d102 Test has  SUCCEEDED
Device test finished on 09a9416e0297d102 
STOP log received from  LGD7228ee9cf5b Test has  SUCCEEDED
Device test finished on LGD7228ee9cf5b 
Android task is completed 
```

Logcat output:
```
LGE-Nexus 5: 
--------- beginning of main
--------- beginning of system
,I/ActivityManager(  759): Start proc com.google.android.apps.plus for broadcast com.google.android.apps.plus/.service.PackagesMediaMonitor: pid=2819 uid=10067 gids={50067, 9997, 3003, 3002, 1028, 1015} abi=armeabi-v7a
I/ActivityManager(  759): START u0 {flg=0x10000000 cmp=com.example.hello/.MainActivity} from uid 2000 on display 0
I/ActivityManager(  759): Start proc com.example.hello for activity com.example.hello/.MainActivity: pid=2865 uid=10277 gids={50277, 9997, 3003, 3001, 3002} abi=armeabi-v7a
,I/ActivityManager(  759): Displayed com.example.hello/.MainActivity: +379ms (total +32s793ms)
W/jxcore-log( 2865): Initializing JXcore engine
W/jxcore-log( 2865): JXcore engine is ready
W/jxcore-log( 2865): Starting JXcore engine
W/jxcore-log( 2865): Platform android
W/jxcore-log( 2865): 
W/jxcore-log( 2865): Process ARCH arm
W/jxcore-log( 2865): 
I/jxcore-log( 2865): JXcore Cordova bridge is ready!
I/jxcore-log( 2865): 
W/jxcore-log( 2865): JXcore engine is started
E/jxcore-log( 2865): >> LGE-Nexus 5
E/jxcore-log( 2865): 
I/jxcore-log( 2865): Total memory 1946181632
I/jxcore-log( 2865): 
I/jxcore-log( 2865): Free memory 331468800
I/jxcore-log( 2865): 
I/jxcore-log( 2865): execPath /data/data/com.example.hello/files/www/jxcore
I/jxcore-log( 2865): 
I/jxcore-log( 2865): process.cwd /data/data/com.example.hello/files/www/jxcore
I/jxcore-log( 2865): 
I/jxcore-log( 2865): userPath [ 'www' ]
I/jxcore-log( 2865): 
I/jxcore-log( 2865): Size 1080 1776
I/jxcore-log( 2865): 
I/jxcore-log( 2865): Screen Brightness 82
I/jxcore-log( 2865): 
E/jxcore-log( 2865): Dummy Error Log.
E/jxcore-log( 2865): 
,I/jxcore-log( 2865): getBuffer is called!!!!
I/jxcore-log( 2865): 
,I/ActivityManager(  759): Waited long enough for: ServiceRecord{b9a1219 u0 com.google.android.calendar/com.android.calendar.alerts.InitAlarmsService}
,I/ActivityManager(  759): Waited long enough for: ServiceRecord{3aaf54b7 u0 com.qualcomm.qcrilmsgtunnel/.QcrilMsgTunnelService}
,I/ActivityManager(  759): Killing 2316:com.google.android.configupdater/u0a36 (adj 15): empty #17
,I/jxcore-log( 2865): ****TEST TOOK:  5036  ms ****
I/jxcore-log( 2865): 
I/jxcore-log( 2865): ****TEST_LOGGER:[PROCESS_ON_EXIT_SUCCESS]****
I/jxcore-log( 2865): 
,I/ActivityManager(  759): Force stopping com.example.hello appid=10277 user=-1: uninstall pkg
I/ActivityManager(  759): Killing 2865:com.example.hello/u0a277 (adj 0): stop com.example.hello
,W/ActivityManager(  759): Force removing ActivityRecord{3a4ffa74 u0 com.example.hello/.MainActivity t214}: app died, no saved state
,W/ActivityManager(  759): Spurious death for ProcessRecord{3ba6cf58 2865:com.example.hello/u0a277}, curProc for 2865: null
,I/ActivityManager(  759): Force stopping com.example.hello appid=10277 user=0: pkg removed
,I/ActivityManager(  759): Start proc com.android.musicfx for broadcast com.android.musicfx/.Compatibility$Receiver: pid=2950 uid=10015 gids={50015, 9997, 3003, 3002} abi=armeabi-v7a
,I/ActivityManager(  759): Start proc com.android.keychain for broadcast com.android.keychain/.KeyChainBroadcastReceiver: pid=2991 uid=1000 gids={41000, 9997, 1028, 1015, 3002, 3001, 3003} abi=armeabi-v7a
,I/ActivityManager(  759): Killing 2350:com.google.android.keep/u0a71 (adj 15): empty #17
,I/ActivityManager(  759): Start proc com.google.android.apps.docs for broadcast com.google.android.apps.docs/.receivers.AppPackageAddRemoveReceiver: pid=3013 uid=10040 gids={50040, 9997, 1028, 3003, 1015} abi=armeabi-v7a
,I/ActivityManager(  759): Killing 2376:com.lge.SprintHiddenMenu/1000 (adj 15): empty #17


LGE-LG-D722: 
--------- beginning of system
--------- beginning of main
I/ActivityManager(  849): Start proc com.android.mms for broadcast com.android.mms/.transaction.MmsSystemEventReceiver: pid=3112 uid=10027 gids={50027, 9997, 3003, 1028, 1015, 1023, 4002, 3002} abi=armeabi-v7a
I/ActivityManager(  849): Killing 1895:com.android.printspooler/u0a87 (adj 15): empty #11
,E/ActivityThread( 3112): Failed to find provider info for com.lge.ims.rcs
E/ActivityThread( 3112): Failed to find provider info for com.lge.ims.rcs
I/ActivityManager(  849): START u0 {flg=0x10000000 cmp=com.example.hello/.MainActivity} from uid 2000 on display 0
D/ActivityManager(  849): setTaskToReturnTo : TaskRecord{14a51053 #219 A=com.example.hello U=0 sz=0} / mTaskToReturnTo = 1
D/ActivityManager(  849): setTaskToReturnTo : TaskRecord{14a51053 #219 A=com.example.hello U=0 sz=0} / mTaskToReturnTo = 1
I/ActivityManager(  849): Start proc com.example.hello for activity com.example.hello/.MainActivity: pid=3148 uid=10030 gids={50030, 9997, 3003, 3001, 3002} abi=armeabi-v7a
D/ActivityManager(  849): enqueue in BackgroundQueue #52 Intent=Intent { act=com.lge.qremote.action.wait_loading flg=0x14 cmp=com.lge.qremote/.appwidget.RemoteAppWidgetProvider (has extras) }
,E/ActivityThread( 3112): Failed to find provider info for com.lge.ims.provider.uc
,I/ActivityManager(  849): Start proc com.android.settings for broadcast com.android.settings/.wifi.wifioffload.WiFiOffLoadBroadcast: pid=3200 uid=1000 gids={41000, 9997, 1000, 1028, 1015, 2001, 3003, 1023, 1004, 2002, 3002, 3001, 3008, 1007, 1026, 3005, 1009, 1027, 1003, 1014, 1010, 4002, 1002, 1021, 3004, 3009} abi=armeabi-v7a
,I/ActivityManager(  849): Displayed com.example.hello/.MainActivity: +1s98ms
,I/ActivityManager(  849): Killing 2808:com.lge.lockscreensettings/u0a69 (adj 15): empty #11
,I/ActivityManager(  849): Start proc com.android.contacts for broadcast com.android.contacts/com.lge.contacts.sim.SimPhonebookStateReceiver: pid=3246 uid=10018 gids={50018, 9997, 3003, 1028, 1015, 1023, 4002} abi=armeabi-v7a
,I/ActivityManager(  849): Killing 2546:com.lge.qremote/u0a106 (adj 15): empty #11
,I/ActivityManager(  849): Start proc com.lge.hiddenmenu for broadcast com.lge.hiddenmenu/.wcdma_only.log_service.FactorySIMReceiver: pid=3271 uid=1000 gids={41000, 9997, 1000, 1028, 1015, 2001, 3003, 1023, 1004, 2002, 3002, 3001, 3008, 1007, 1026, 3005, 1009, 1027, 1003, 1014, 1010, 4002, 1002, 1021, 3004, 3009} abi=armeabi-v7a
,W/jxcore-log( 3148): Initializing JXcore engine
W/jxcore-log( 3148): JXcore engine is ready
,W/jxcore-log( 3148): Starting JXcore engine
I/ActivityManager(  849): Killing 2839:com.uei.lg.quicksetsdk.lite/u0a89 (adj 15): empty #11
,W/ActivityManager(  849): Unable to start service Intent { act=com.lge.ime.intent.ANDROID_CONTACT_DB_UPDATED pkg=com.lge.ime } U=0: not found
,I/ActivityManager(  849): Start proc com.android.providers.partnerbookmarks for broadcast com.android.providers.partnerbookmarks/com.lge.provider.BookmarksProviderReceiver: pid=3289 uid=10071 gids={50071, 9997} abi=armeabi-v7a
,I/ActivityManager(  849): Killing 2971:com.android.cellbroadcastreceiver/u0a16 (adj 15): empty #11
W/jxcore-log( 3148): Platform android
W/jxcore-log( 3148): 
,W/jxcore-log( 3148): Process ARCH arm
W/jxcore-log( 3148): 
,I/jxcore-log( 3148): JXcore Cordova bridge is ready!
I/jxcore-log( 3148): 
W/jxcore-log( 3148): JXcore engine is started
,E/jxcore-log( 3148): >> LGE-LG-D722
E/jxcore-log( 3148): 
I/jxcore-log( 3148): Total memory 906309632
I/jxcore-log( 3148): 
I/jxcore-log( 3148): Free memory 25600000
I/jxcore-log( 3148): 
,I/jxcore-log( 3148): execPath /data/data/com.example.hello/files/www/jxcore
I/jxcore-log( 3148): 
I/jxcore-log( 3148): process.cwd /data/data/com.example.hello/files/www/jxcore
I/jxcore-log( 3148): 
I/jxcore-log( 3148): userPath [ 'www' ]
I/jxcore-log( 3148): 
I/jxcore-log( 3148): Size 720 1196
I/jxcore-log( 3148): 
I/jxcore-log( 3148): Screen Brightness 255
I/jxcore-log( 3148): 
E/jxcore-log( 3148): Dummy Error Log.
E/jxcore-log( 3148): 
,I/ActivityManager(  849): Start proc com.lge.eula for broadcast com.lge.eula/.service.LicenseSIMObserver: pid=3307 uid=1000 gids={41000, 9997, 1000, 1028, 1015, 2001, 3003, 1023, 1004, 2002, 3002, 3001, 3008, 1007, 1026, 3005, 1009, 1027, 1003, 1014, 1010, 4002, 1002, 1021, 3004, 3009} abi=armeabi-v7a
I/ActivityManager(  849): Killing 2992:com.lge.email/u0a21 (adj 15): empty #11
,I/ActivityManager(  849): Killing 2179:com.google.android.partnersetup/u0a9 (adj 15): empty #11
,I/jxcore-log( 3148): getBuffer is called!!!!
I/jxcore-log( 3148): 
,I/ActivityManager(  849): Start proc com.android.keychain for service com.android.keychain/.KeyChainService: pid=3353 uid=1000 gids={41000, 9997, 1000, 1028, 1015, 2001, 3003, 1023, 1004, 2002, 3002, 3001, 3008, 1007, 1026, 3005, 1009, 1027, 1003, 1014, 1010, 4002, 1002, 1021, 3004, 3009} abi=armeabi-v7a
,W/ActivityManager(  849): Unable to start service Intent { act=com.lge.contacts.intent.action.BACKUP_DB flg=0x4 cmp=com.android.providers.contacts/com.lge.providers.contacts.backup.DatabaseBackupService (has extras) } U=0: not found
