W/ActivityManager( 1015): NORMAL SET : srcAppInfo.processName = com.google.android.talk, destAppInfo.processName = com.google.android.talk
D/ActivityManager( 1015): startProcessLocked calleePkgName: com.osp.app.signin, hostingType: broadcast
E/ActivityManager( 1015): checkUser: useridlist=null, currentuser=0
E/ActivityManager( 1015): checkUser: useridlist=null, currentuser=0
E/ActivityManager( 1015): checkUser: useridlist=null, currentuser=0
E/ActivityManager( 1015): checkUser: useridlist=null, currentuser=0
I/ActivityManager( 1015): Start proc com.osp.app.signin for broadcast com.osp.app.signin/com.osp.broadcastreceiver.StdBroadcastReceiver: pid=4190 uid=10041 gids={50041, 9997, 3003, 1028, 1015} abi=armeabi-v7a
I/ActivityManager( 1015): Killing 3368:com.fmm.dm/1000 (adj 15): empty #31
D/ActivityManager( 1015): startProcessLocked calleePkgName: com.sec.knox.foldercontainer, hostingType: broadcast
E/ActivityManager( 1015): checkUser: useridlist=null, currentuser=0
E/ActivityManager( 1015): checkUser: useridlist=null, currentuser=0
E/ActivityManager( 1015): checkUser: useridlist=null, currentuser=0
E/ActivityManager( 1015): checkUser: useridlist=null, currentuser=0
D/ActivityThread( 4190): Added TimaKeyStore provider
I/ActivityManager( 1015): Start proc com.sec.knox.foldercontainer for broadcast com.sec.knox.foldercontainer/.ShortcutReceiver: pid=4206 uid=1000 gids={41000, 9997, 3002, 3001, 3003, 1028, 1015, 1007, 1023, 2001, 1024, 1001, 1021, 3004, 3005, 1000, 3009, 1010} abi=armeabi-v7a
I/ActivityManager( 1015): Killing 3248:com.google.android.googlequicksearchbox:search/u0a57 (adj 15): empty #31
D/ActivityManager( 1015): retrieveServiceLocked(): component = null; callingUser = 0; userId(target) = 0
W/ActivityManager( 1015): userId = 0, bbcId = -10000
W/ActivityManager( 1015): NORMAL SET : dst_category = 701, src_allowCategory = 0,701-1023
W/ActivityManager( 1015): NORMAL SET : srcAppInfo.processName = com.dropbox.android, destAppInfo.processName = com.google.process.gapps
D/ActivityManager( 1015): retrieveServiceLocked(): component = null; callingUser = 0; userId(target) = 0
W/ActivityManager( 1015): userId = 0, bbcId = -10000
W/ActivityManager( 1015): NORMAL SET : dst_category = 701, src_allowCategory = 0,701-1023
W/ActivityManager( 1015): NORMAL SET : srcAppInfo.processName = com.google.process.gapps, destAppInfo.processName = com.google.android.gms
D/ActivityManager( 1015): startService callerProcessName:com.google.android.gms, calleePkgName: com.google.android.gms
D/ActivityManager( 1015): retrieveServiceLocked(): component = com.google.android.gms/com.google.android.gms.gcm.GcmService; callingUser = 0; userId(target) = 0
W/ActivityManager( 1015): userId = 0, bbcId = -10000
W/ActivityManager( 1015): NORMAL SET : dst_category = 701, src_allowCategory = 0,701-1023
W/ActivityManager( 1015): NORMAL SET : srcAppInfo.processName = com.google.android.gms, destAppInfo.processName = com.google.android.gms
D/ActivityManager( 1015): bindService callerProcessName:com.google.android.gsf, calleePkgName: com.google.android.gms, action: null
D/ActivityManager( 1015): retrieveServiceLocked(): component = com.google.android.gms/com.google.android.gms.gcm.http.GoogleHttpService; callingUser = 0; userId(target) = 0
W/ActivityManager( 1015): userId = 0, bbcId = -10000
W/ActivityManager( 1015): NORMAL SET : dst_category = 701, src_allowCategory = 0,701-1023
W/ActivityManager( 1015): NORMAL SET : srcAppInfo.processName = com.google.process.gapps, destAppInfo.processName = com.google.android.gms
D/ActivityThread( 4206): Added TimaKeyStore provider
I/ActivityManager( 1015): Killing 3397:com.samsung.android.intelligenceservice/u0a3 (adj 15): empty #31
D/ActivityManager( 1015): startProcessLocked calleePkgName: com.sec.knox.knoxsetupwizardclient, hostingType: broadcast
E/ActivityManager( 1015): checkUser: useridlist=null, currentuser=0
E/ActivityManager( 1015): checkUser: useridlist=null, currentuser=0
E/ActivityManager( 1015): checkUser: useridlist=null, currentuser=0
E/ActivityManager( 1015): checkUser: useridlist=null, currentuser=0
I/ActivityManager( 1015): Start proc com.sec.knox.knoxsetupwizardclient for broadcast com.sec.knox.knoxsetupwizardclient/.detector.SetupWizardDetectorReceiver: pid=4242 uid=1000 gids={41000, 9997, 3002, 3001, 3003, 1028, 1015, 1007, 1023, 2001, 1024, 1001, 1021, 3004, 3005, 1000, 3009, 1010} abi=armeabi-v7a
I/ActivityManager( 1015): Killing 3352:com.google.android.configupdater/u0a86 (adj 15): empty #31
D/ActivityThread( 4242): Added TimaKeyStore provider
D/ActivityManager( 1015): startProcessLocked calleePkgName: com.google.android.apps.maps, hostingType: broadcast
E/ActivityManager( 1015): checkUser: useridlist=null, currentuser=0
E/ActivityManager( 1015): checkUser: useridlist=null, currentuser=0
E/ActivityManager( 1015): checkUser: useridlist=null, currentuser=0
E/ActivityManager( 1015): checkUser: useridlist=null, currentuser=0
I/ActivityManager( 1015): Start proc com.google.android.apps.maps for broadcast com.google.android.apps.maps/com.google.android.apps.gmm.iamhere.ble.StartBleServiceReceiver: pid=4262 uid=10107 gids={50107, 9997, 3003, 1028, 1015, 3002, 3001} abi=armeabi-v7a
I/ActivityManager( 1015): Killing 3435:com.dropbox.android/u0a92 (adj 15): empty #31
D/ActivityManager( 1015): startService callerProcessName:com.osp.app.signin, calleePkgName: com.osp.app.signin
D/ActivityManager( 1015): retrieveServiceLocked(): component = com.osp.app.signin/com.osp.app.signin.BootDbCheck; callingUser = 0; userId(target) = 0
W/ActivityManager( 1015): userId = 0, bbcId = -10000
W/ActivityManager( 1015): NORMAL SET : dst_category = 1023, src_allowCategory = 0,701-1023
W/ActivityManager( 1015): NORMAL SET : srcAppInfo.processName = com.osp.app.signin, destAppInfo.processName = com.osp.app.signin
D/ActivityManager( 1015): startProcessLocked calleePkgName: com.android.providers.calendar, hostingType: broadcast
E/ActivityManager( 1015): checkUser: useridlist=null, currentuser=0
E/ActivityManager( 1015): checkUser: useridlist=null, currentuser=0
E/ActivityManager( 1015): checkUser: useridlist=null, currentuser=0
E/ActivityManager( 1015): checkUser: useridlist=null, currentuser=0
D/ActivityThread( 4262): Added TimaKeyStore provider
I/ActivityManager( 1015): Start proc com.android.providers.calendar for broadcast com.android.providers.calendar/.CalendarReceiver: pid=4279 uid=10042 gids={50042, 9997, 3003, 1028, 1015} abi=armeabi-v7a
D/ActivityThread( 4279): Added TimaKeyStore provider
I/ActivityManager( 1015): Killing 3452:com.samsung.android.scloud.backup/u0a60 (adj 15): empty #31
I/ActivityManager( 1015): Killing 2669:com.google.android.apps.plus/u0a120 (adj 15): empty #31
D/ActivityManager( 1015): startService callerProcessName:com.android.vending, calleePkgName: com.android.vending
D/ActivityManager( 1015): retrieveServiceLocked(): component = com.android.vending/com.google.android.finsky.billing.iab.PendingNotificationsService; callingUser = 0; userId(target) = 0
W/ActivityManager( 1015): userId = 0, bbcId = -10000
W/ActivityManager( 1015): NORMAL SET : dst_category = 701, src_allowCategory = 0,701-1023
W/ActivityManager( 1015): NORMAL SET : srcAppInfo.processName = com.android.vending, destAppInfo.processName = com.android.vending
D/ActivityManager( 1015): retrieveServiceLocked(): component = null; callingUser = 0; userId(target) = 0
W/ActivityManager( 1015): userId = 0, bbcId = -10000
W/ActivityManager( 1015): NORMAL SET : dst_category = 701, src_allowCategory = 0,701-1023
W/ActivityManager( 1015): NORMAL SET : srcAppInfo.processName = com.android.vending, destAppInfo.processName = com.google.android.gms
D/ActivityManager( 1015): startService callerProcessName:com.android.vending, calleePkgName: com.android.vending
D/ActivityManager( 1015): retrieveServiceLocked(): component = com.android.vending/com.google.android.finsky.services.RestoreService; callingUser = 0; userId(target) = 0
W/ActivityManager( 1015): userId = 0, bbcId = -10000
W/ActivityManager( 1015): NORMAL SET : dst_category = 701, src_allowCategory = 0,701-1023
W/ActivityManager( 1015): NORMAL SET : srcAppInfo.processName = com.android.vending, destAppInfo.processName = com.android.vending
D/ActivityManager( 1015): bindService callerProcessName:com.google.android.apps.maps, calleePkgName: com.google.android.gms, action: null
D/ActivityManager( 1015): retrieveServiceLocked(): component = com.google.android.gms/com.google.android.gms.auth.GetToken; callingUser = 0; userId(target) = 0
W/ActivityManager( 1015): userId = 0, bbcId = -10000
W/ActivityManager( 1015): NORMAL SET : dst_category = 701, src_allowCategory = 0,701-1023
W/ActivityManager( 1015): NORMAL SET : srcAppInfo.processName = com.google.android.apps.maps, destAppInfo.processName = com.google.android.gms
D/ActivityManager( 1015): startProcessLocked calleePkgName: com.sec.android.app.mt, hostingType: broadcast
E/ActivityManager( 1015): checkUser: useridlist=null, currentuser=0
E/ActivityManager( 1015): checkUser: useridlist=null, currentuser=0
E/ActivityManager( 1015): checkUser: useridlist=null, currentuser=0
E/ActivityManager( 1015): checkUser: useridlist=null, currentuser=0
I/ActivityManager( 1015): Start proc com.sec.android.app.mt for broadcast com.sec.android.app.mt/.StatusChecker: pid=4317 uid=1000 gids={41000, 9997, 3002, 3001, 3003, 1028, 1015, 1007, 1023, 2001, 1024, 1001, 1021, 3004, 3005, 1000, 3009, 1010} abi=armeabi-v7a
I/ActivityManager( 1015): Killing 3467:com.fmm.ds/1000 (adj 15): empty #31
D/ActivityManager( 1015): retrieveServiceLocked(): component = null; callingUser = 0; userId(target) = 0
D/ActivityThread( 4317): Added TimaKeyStore provider
W/ActivityManager( 1015): userId = 0, bbcId = -10000
W/ActivityManager( 1015): NORMAL SET : dst_category = 701, src_allowCategory = 0,701-1023
W/ActivityManager( 1015): NORMAL SET : srcAppInfo.processName = com.google.process.gapps, destAppInfo.processName = com.google.android.gms
I/ActivityManager( 1015): Killing 3490:com.samsung.android.scloud.sync/u0a62 (adj 15): empty #31
D/ActivityManager( 1015): startProcessLocked calleePkgName: com.sec.android.pagebuddynotisvc, hostingType: broadcast
E/ActivityManager( 1015): checkUser: useridlist=null, currentuser=0
E/ActivityManager( 1015): checkUser: useridlist=null, currentuser=0
E/ActivityManager( 1015): checkUser: useridlist=null, currentuser=0
E/ActivityManager( 1015): checkUser: useridlist=null, currentuser=0
I/ActivityManager( 1015): Start proc com.sec.android.pagebuddynotisvc for broadcast com.sec.android.pagebuddynotisvc/.PageBuddyNotiSvcBRcvr: pid=4338 uid=10116 gids={50116, 9997} abi=armeabi-v7a
I/ActivityManager( 1015): Killing 3268:com.sec.android.fotaclient/u0a9 (adj 15): empty #31
D/ActivityManager( 1015): retrieveServiceLocked(): component = null; callingUser = 0; userId(target) = 0
W/ActivityManager( 1015): userId = 0, bbcId = -10000
W/ActivityManager( 1015): NORMAL SET : dst_category = 701, src_allowCategory = 0,701-1023
W/ActivityManager( 1015): NORMAL SET : srcAppInfo.processName = com.google.process.gapps, destAppInfo.processName = com.google.android.gms
D/ActivityManager( 1015): startService callerProcessName:com.android.providers.calendar, calleePkgName: com.android.providers.calendar
D/ActivityManager( 1015): retrieveServiceLocked(): component = com.android.providers.calendar/com.android.providers.calendar.EmptyService; callingUser = 0; userId(target) = 0
W/ActivityManager( 1015): userId = 0, bbcId = -10000
W/ActivityManager( 1015): NORMAL SET : dst_category = 0, src_allowCategory = 0,2-1023
W/ActivityManager( 1015): NORMAL SET : srcAppInfo.processName = com.android.providers.calendar, destAppInfo.processName = com.android.providers.calendar
D/ActivityManager( 1015): retrieveServiceLocked(): component = null; callingUser = 0; userId(target) = 0
W/ActivityManager( 1015): userId = 0, bbcId = -10000
W/ActivityManager( 1015): NORMAL SET : dst_category = 701, src_allowCategory = 0,701-1023
W/ActivityManager( 1015): NORMAL SET : srcAppInfo.processName = com.google.android.apps.maps, destAppInfo.processName = com.google.android.gms
D/ActivityThread( 4338): Added TimaKeyStore provider
D/ActivityManager( 1015): retrieveServiceLocked(): component = null; callingUser = 0; userId(target) = 0
W/ActivityManager( 1015): userId = 0, bbcId = -10000
W/ActivityManager( 1015): NORMAL SET : dst_category = 701, src_allowCategory = 0,701-1023
W/ActivityManager( 1015): NORMAL SET : srcAppInfo.processName = com.google.android.apps.maps, destAppInfo.processName = com.google.android.gms
D/ActivityManager( 1015): retrieveServiceLocked(): component = null; callingUser = 0; userId(target) = 0
W/ActivityManager( 1015): userId = 0, bbcId = -10000
W/ActivityManager( 1015): NORMAL SET : dst_category = 0, src_allowCategory = 0,2-1023
W/ActivityManager( 1015): NORMAL SET : srcAppInfo.processName = com.sec.android.pagebuddynotisvc, destAppInfo.processName = com.sec.android.pagebuddynotisvc
D/ActivityManager( 1015): startProcessLocked calleePkgName: com.samsung.android.sconnect, hostingType: broadcast
E/ActivityManager( 1015): checkUser: useridlist=null, currentuser=0
E/ActivityManager( 1015): checkUser: useridlist=null, currentuser=0
E/ActivityManager( 1015): checkUser: useridlist=null, currentuser=0
E/ActivityManager( 1015): checkUser: useridlist=null, currentuser=0
I/ActivityManager( 1015): Start proc com.samsung.android.sconnect for broadcast com.samsung.android.sconnect/.periph.PeriphStartReceiver: pid=4354 uid=10125 gids={50125, 9997, 3002, 3001, 1028, 1015, 3003} abi=armeabi-v7a
D/ActivityThread( 4354): Added TimaKeyStore provider
D/ActivityManager( 1015): startProcessLocked calleePkgName: com.sec.android.app.sbrowser, hostingType: broadcast
E/ActivityManager( 1015): checkUser: useridlist=null, currentuser=0
E/ActivityManager( 1015): checkUser: useridlist=null, currentuser=0
E/ActivityManager( 1015): checkUser: useridlist=null, currentuser=0
E/ActivityManager( 1015): checkUser: useridlist=null, currentuser=0
I/ActivityManager( 1015): Start proc com.sec.android.app.sbrowser for broadcast com.sec.android.app.sbrowser/.net.NetworkSettingsReceiver: pid=4369 uid=10131 gids={50131, 9997, 1023, 3003, 1028, 1015, 1007, 3001, 3002} abi=armeabi-v7a
D/ActivityThread( 4369): Added TimaKeyStore provider
D/ActivityManager( 1015): startProcessLocked calleePkgName: com.android.calendar, hostingType: broadcast
E/ActivityManager( 1015): checkUser: useridlist=null, currentuser=0
E/ActivityManager( 1015): checkUser: useridlist=null, currentuser=0
E/ActivityManager( 1015): checkUser: useridlist=null, currentuser=0
E/ActivityManager( 1015): checkUser: useridlist=null, currentuser=0
I/ActivityManager( 1015): Start proc com.android.calendar for broadcast com.android.calendar/.alerts.AlertReceiver: pid=4389 uid=10135 gids={50135, 9997, 3003, 1028, 1015, 1023, 3002} abi=armeabi-v7a
I/ActivityManager( 1015): Killing 3510:com.dropbox.android:crash_uploader/u0a92 (adj 15): empty #31
D/ActivityManager( 1015): bindService callerProcessName:com.google.android.gm, calleePkgName: com.google.android.gms, action: com.google.android.gms.analytics.service.START
D/ActivityManager( 1015): retrieveServiceLocked(): component = com.google.android.gms/com.google.android.gms.analytics.service.AnalyticsService; callingUser = 0; userId(target) = 0
W/ActivityManager( 1015): userId = 0, bbcId = -10000
W/ActivityManager( 1015): NORMAL SET : dst_category = 701, src_allowCategory = 0,701-1023
W/ActivityManager( 1015): NORMAL SET : srcAppInfo.processName = com.google.android.gm, destAppInfo.processName = com.google.android.gms
D/ActivityThread( 4389): Added TimaKeyStore provider
D/ActivityManager( 1015): startService callerProcessName:com.android.calendar, calleePkgName: com.android.calendar
D/ActivityManager( 1015): retrieveServiceLocked(): component = com.android.calendar/com.android.calendar.alerts.AlertService; callingUser = 0; userId(target) = 0
W/ActivityManager( 1015): userId = 0, bbcId = -10000
W/ActivityManager( 1015): NORMAL SET : dst_category = 0, src_allowCategory = 0,2-1023
W/ActivityManager( 1015): NORMAL SET : srcAppInfo.processName = com.android.calendar, destAppInfo.processName = com.android.calendar
D/ActivityManager( 1015): startService callerProcessName:com.android.calendar, calleePkgName: com.android.calendar
D/ActivityManager( 1015): retrieveServiceLocked(): component = com.android.calendar/com.android.calendar.alerts.TaskAlertService; callingUser = 0; userId(target) = 0
W/ActivityManager( 1015): userId = 0, bbcId = -10000
W/ActivityManager( 1015): NORMAL SET : dst_category = 0, src_allowCategory = 0,2-1023
W/ActivityManager( 1015): NORMAL SET : srcAppInfo.processName = com.android.calendar, destAppInfo.processName = com.android.calendar
D/ActivityManager( 1015): startProcessLocked calleePkgName: com.sec.android.app.camera, hostingType: broadcast
E/ActivityManager( 1015): checkUser: useridlist=null, currentuser=0
E/ActivityManager( 1015): checkUser: useridlist=null, currentuser=0
E/ActivityManager( 1015): checkUser: useridlist=null, currentuser=0
E/ActivityManager( 1015): checkUser: useridlist=null, currentuser=0
I/ActivityManager( 1015): Start proc com.sec.android.app.camera for broadcast com.sec.android.app.camera/.BootCamera: pid=4417 uid=10139 gids={50139, 9997, 1028, 1015, 3003, 1023} abi=armeabi-v7a
D/ActivityThread( 4417): Added TimaKeyStore provider
I/ActivityManager( 1015): Killing 3526:com.sec.android.app.servicemodeapp/1000 (adj 15): empty #31
I/ActivityManager( 1015): Killing 3570:com.wssnps/1000 (adj 15): empty #31
D/ActivityManager( 1015): startProcessLocked calleePkgName: com.android.email, hostingType: broadcast
E/ActivityManager( 1015): checkUser: useridlist=null, currentuser=0
E/ActivityManager( 1015): checkUser: useridlist=null, currentuser=0
E/ActivityManager( 1015): checkUser: useridlist=null, currentuser=0
E/ActivityManager( 1015): checkUser: useridlist=null, currentuser=0
I/ActivityManager( 1015): Start proc com.android.email for broadcast com.android.email/.service.EmailBroadcastReceiver: pid=4434 uid=10145 gids={50145, 9997, 3003, 1028, 1015, 1023, 3002, 3001, 1003} abi=armeabi-v7a
I/ActivityManager( 1015): Killing 3541:com.google.android.onetimeinitializer/u0a14 (adj 15): empty #31
D/ActivityThread( 4434): Added TimaKeyStore provider
D/ActivityManager( 1015): getContentProviderImpl callerProcessName:com.android.email, calleePkgName: com.sec.android.provider.badge
E/ActivityManager( 1015): checkUser: useridlist=null, currentuser=0
E/ActivityManager( 1015): checkUser: useridlist=null, currentuser=0
E/ActivityManager( 1015): checkUser: useridlist=null, currentuser=0
E/ActivityManager( 1015): checkUser: useridlist=null, currentuser=0
I/ActivityManager( 1015): Start proc com.sec.android.provider.badge for content provider com.sec.android.provider.badge/.BadgeProvider: pid=4457 uid=10072 gids={50072, 9997} abi=armeabi-v7a
D/ActivityThread( 4457): Added TimaKeyStore provider
D/ActivityManager( 1015): startService callerProcessName:com.android.email, calleePkgName: com.android.email
D/ActivityManager( 1015): retrieveServiceLocked(): component = com.android.email/com.android.email.service.EmailBroadcastProcessorService; callingUser = 0; userId(target) = 0
W/ActivityManager( 1015): userId = 0, bbcId = -10000
W/ActivityManager( 1015): NORMAL SET : dst_category = 0, src_allowCategory = 0,2-1023
W/ActivityManager( 1015): NORMAL SET : srcAppInfo.processName = com.android.email, destAppInfo.processName = com.android.email
I/ActivityManager( 1015): Killing 3590:com.samsung.android.sm/1000 (adj 15): empty #31
W/ActivityManager( 1015): userId = 0, bbcId = -10000
W/ActivityManager( 1015): NORMAL SET : dst_category = 701, src_allowCategory = 0,701-1023
W/ActivityManager( 1015): NORMAL SET : srcAppInfo.processName = com.google.process.gapps, destAppInfo.processName = com.google.android.gms
I/ActivityManager( 1015): Killing 3330:com.google.android.partnersetup/u0a15 (adj 15): empty #31
W/ActivityManager( 1015): userId = 0, bbcId = -10000
W/ActivityManager( 1015): NORMAL SET : dst_category = 701, src_allowCategory = 0,701-1023
W/ActivityManager( 1015): NORMAL SET : srcAppInfo.processName = com.google.process.gapps, destAppInfo.processName = com.google.android.gms
W/ActivityManager( 1015): userId = 0, bbcId = -10000
W/ActivityManager( 1015): NORMAL SET : dst_category = 701, src_allowCategory = 0,701-1023
W/ActivityManager( 1015): NORMAL SET : srcAppInfo.processName = com.google.process.gapps, destAppInfo.processName = com.google.android.gms
W/ActivityManager( 1015): userId = 0, bbcId = -10000
W/ActivityManager( 1015): NORMAL SET : dst_category = 701, src_allowCategory = 0,701-1023
W/ActivityManager( 1015): NORMAL SET : srcAppInfo.processName = com.google.process.gapps, destAppInfo.processName = com.google.android.gms
D/ActivityManager( 1015): retrieveServiceLocked(): component = null; callingUser = 0; userId(target) = 0
W/ActivityManager( 1015): userId = 0, bbcId = -10000
W/ActivityManager( 1015): NORMAL SET : dst_category = 701, src_allowCategory = 0,701-1023
W/ActivityManager( 1015): NORMAL SET : srcAppInfo.processName = com.google.android.gms, destAppInfo.processName = com.google.android.gms
,D/ActivityManager( 1015): retrieveServiceLocked(): component = com.android.providers.calendar/com.android.providers.calendar.EmptyService; callingUser = 0; userId(target) = 0
W/ActivityManager( 1015): userId = 0, bbcId = -10000
W/ActivityManager( 1015): NORMAL SET : dst_category = 0, src_allowCategory = 0,2-1023
W/ActivityManager( 1015): NORMAL SET : srcAppInfo.processName = com.android.providers.calendar, destAppInfo.processName = com.android.providers.calendar
I/ActivityManager( 1015): Killing 3680:com.samsung.android.app.accesscontrol/1000 (adj 15): empty #31
D/ActivityManager( 1015): retrieveServiceLocked(): component = com.android.email/com.android.email.service.AttachmentDownloadService; callingUser = 0; userId(target) = 0
W/ActivityManager( 1015): Unable to start service Intent { cmp=com.android.email/.service.AttachmentDownloadService } U=0: not found
W/ActivityManager( 1015): userId = 0, bbcId = -10000
W/ActivityManager( 1015): NORMAL SET : dst_category = 701, src_allowCategory = 0,701-1023
W/ActivityManager( 1015): NORMAL SET : srcAppInfo.processName = com.google.process.gapps, destAppInfo.processName = com.google.android.gms
D/ActivityManager( 1015): retrieveServiceLocked(): component = com.android.email/com.android.email.service.EmailDebugService; callingUser = 0; userId(target) = 0
D/ActivityManager( 1015): retrieveServiceLocked(): component = com.android.email/com.android.email.legacypush.ImapPushService; callingUser = 0; userId(target) = 0
W/ActivityManager( 1015): getTasks: caller 10145 does not hold GET_TASKS; limiting output
W/ActivityManager( 1015): userId = 0, bbcId = -10000
W/ActivityManager( 1015): NORMAL SET : dst_category = 701, src_allowCategory = 0,701-1023
W/ActivityManager( 1015): NORMAL SET : srcAppInfo.processName = com.google.process.gapps, destAppInfo.processName = com.google.android.gms
W/ActivityManager( 1015): userId = 0, bbcId = -10000
W/ActivityManager( 1015): NORMAL SET : dst_category = 701, src_allowCategory = 0,701-1023
W/ActivityManager( 1015): NORMAL SET : srcAppInfo.processName = com.google.process.gapps, destAppInfo.processName = com.google.android.gms
W/ActivityManager( 1015): userId = 0, bbcId = -10000
W/ActivityManager( 1015): NORMAL SET : dst_category = 701, src_allowCategory = 0,701-1023
W/ActivityManager( 1015): NORMAL SET : srcAppInfo.processName = com.google.process.gapps, destAppInfo.processName = com.google.android.gms
D/ActivityManager( 1015): retrieveServiceLocked(): component = null; callingUser = 0; userId(target) = 0
W/ActivityManager( 1015): userId = 0, bbcId = -10000
W/ActivityManager( 1015): NORMAL SET : dst_category = 701, src_allowCategory = 0,701-1023
W/ActivityManager( 1015): NORMAL SET : srcAppInfo.processName = com.google.android.gms, destAppInfo.processName = com.google.android.gms
W/ActivityManager( 1015): userId = 0, bbcId = -10000
W/ActivityManager( 1015): NORMAL SET : dst_category = 701, src_allowCategory = 0,701-1023
W/ActivityManager( 1015): NORMAL SET : srcAppInfo.processName = com.google.process.gapps, destAppInfo.processName = com.google.android.gms
D/ActivityManager( 1015): startService callerProcessName:com.google.android.gsf, calleePkgName: com.google.android.gms
D/ActivityManager( 1015): retrieveServiceLocked(): component = com.google.android.gms/com.google.android.gms.nearby.messages.service.NearbyMessagesService; callingUser = 0; userId(target) = 0
W/ActivityManager( 1015): userId = 0, bbcId = -10000
W/ActivityManager( 1015): NORMAL SET : dst_category = 701, src_allowCategory = 0,701-1023
W/ActivityManager( 1015): NORMAL SET : srcAppInfo.processName = com.google.process.gapps, destAppInfo.processName = com.google.android.gms
W/ActivityManager( 1015): userId = 0, bbcId = -10000
W/ActivityManager( 1015): NORMAL SET : dst_category = 701, src_allowCategory = 0,701-1023
W/ActivityManager( 1015): NORMAL SET : srcAppInfo.processName = com.google.process.gapps, destAppInfo.processName = com.google.android.gms
D/ActivityManager( 1015): startService callerProcessName:com.google.android.gms, calleePkgName: com.google.android.gms
D/ActivityManager( 1015): retrieveServiceLocked(): component = com.google.android.gms/com.google.android.gms.deviceconnection.service.DeviceConnectionServiceBroker; callingUser = 0; userId(target) = 0
W/ActivityManager( 1015): userId = 0, bbcId = -10000
W/ActivityManager( 1015): NORMAL SET : dst_category = 701, src_allowCategory = 0,701-1023
W/ActivityManager( 1015): NORMAL SET : srcAppInfo.processName = com.google.android.gms, destAppInfo.processName = com.google.android.gms
I/ActivityManager( 1015): Process com.android.email (pid 4434)(adj 9) has died(117,1129)
D/ActivityManager( 1015): retrieveServiceLocked(): component = com.google.android.gms/com.google.android.gms.nearby.messages.service.NearbyMessagesService; callingUser = 0; userId(target) = 0
D/ActivityManager( 1015): retrieveServiceLocked(): component = null; callingUser = 0; userId(target) = 0
W/ActivityManager( 1015): userId = 0, bbcId = -10000
W/ActivityManager( 1015): NORMAL SET : dst_category = 701, src_allowCategory = 0,701-1023
W/ActivityManager( 1015): NORMAL SET : srcAppInfo.processName = com.google.process.gapps, destAppInfo.processName = com.google.android.gms
D/ActivityManager( 1015): startService callerProcessName:com.google.android.gsf, calleePkgName: com.google.android.gms
D/ActivityManager( 1015): retrieveServiceLocked(): component = com.google.android.gms/com.google.android.gms.gcm.GcmService; callingUser = 0; userId(target) = 0
W/ActivityManager( 1015): userId = 0, bbcId = -10000
W/ActivityManager( 1015): NORMAL SET : dst_category = 701, src_allowCategory = 0,701-1023
W/ActivityManager( 1015): NORMAL SET : srcAppInfo.processName = com.google.process.gapps, destAppInfo.processName = com.google.android.gms
W/ActivityManager( 1015): userId = 0, bbcId = -10000
W/ActivityManager( 1015): NORMAL SET : dst_category = 701, src_allowCategory = 0,701-1023
W/ActivityManager( 1015): NORMAL SET : srcAppInfo.processName = com.google.process.gapps, destAppInfo.processName = com.google.android.gms
W/ActivityManager( 1015): userId = 0, bbcId = -10000
W/ActivityManager( 1015): NORMAL SET : dst_category = 701, src_allowCategory = 0,701-1023
W/ActivityManager( 1015): NORMAL SET : srcAppInfo.processName = com.google.process.gapps, destAppInfo.processName = com.google.android.gms
W/ActivityManager( 1015): userId = 0, bbcId = -10000
W/ActivityManager( 1015): NORMAL SET : dst_category = 701, src_allowCategory = 0,701-1023
W/ActivityManager( 1015): NORMAL SET : srcAppInfo.processName = com.google.process.gapps, destAppInfo.processName = com.google.android.gms
W/ActivityManager( 1015): userId = 0, bbcId = -10000
D/ActivityManager( 1015): startService callerProcessName:com.google.android.gsf, calleePkgName: com.google.android.gms
W/ActivityManager( 1015): NORMAL SET : dst_category = 701, src_allowCategory = 0,701-1023
D/ActivityManager( 1015): retrieveServiceLocked(): component = com.google.android.gms/com.google.android.gms.auth.be.account.AccountStatusChecker$InitializeService; callingUser = 0; userId(target) = 0
W/ActivityManager( 1015): NORMAL SET : srcAppInfo.processName = com.google.process.gapps, destAppInfo.processName = com.google.android.gms
W/ActivityManager( 1015): userId = 0, bbcId = -10000
W/ActivityManager( 1015): NORMAL SET : dst_category = 701, src_allowCategory = 0,701-1023
W/ActivityManager( 1015): NORMAL SET : srcAppInfo.processName = com.google.process.gapps, destAppInfo.processName = com.google.android.gms
D/ActivityManager( 1015): retrieveServiceLocked(): component = null; callingUser = 0; userId(target) = 0
W/ActivityManager( 1015): userId = 0, bbcId = -10000
W/ActivityManager( 1015): NORMAL SET : dst_category = 701, src_allowCategory = 0,701-1023
W/ActivityManager( 1015): NORMAL SET : srcAppInfo.processName = com.google.process.gapps, destAppInfo.processName = com.google.android.gms
D/ActivityManager( 1015): startService callerProcessName:com.google.android.gms, calleePkgName: com.google.android.gms
D/ActivityManager( 1015): retrieveServiceLocked(): component = com.google.android.gms/com.google.android.gms.lockbox.LockboxService; callingUser = 0; userId(target) = 0
W/ActivityManager( 1015): userId = 0, bbcId = -10000
W/ActivityManager( 1015): NORMAL SET : dst_category = 701, src_allowCategory = 0,701-1023
W/ActivityManager( 1015): NORMAL SET : srcAppInfo.processName = com.google.android.gms, destAppInfo.processName = com.google.android.gms
W/ActivityManager( 1015): userId = 0, bbcId = -10000
W/ActivityManager( 1015): NORMAL SET : dst_category = 701, src_allowCategory = 0,701-1023
W/ActivityManager( 1015): NORMAL SET : srcAppInfo.processName = com.google.process.gapps, destAppInfo.processName = com.google.android.gms
D/ActivityManager( 1015): startService callerProcessName:com.google.android.gsf, calleePkgName: com.google.android.gms
D/ActivityManager( 1015): retrieveServiceLocked(): component = com.google.android.gms/com.google.android.gms.auth.crypto.ChannelBindingStateService; callingUser = 0; userId(target) = 0
W/ActivityManager( 1015): userId = 0, bbcId = -10000
W/ActivityManager( 1015): NORMAL SET : dst_category = 701, src_allowCategory = 0,701-1023
W/ActivityManager( 1015): NORMAL SET : srcAppInfo.processName = com.google.process.gapps, destAppInfo.processName = com.google.android.gms
W/ActivityManager( 1015): userId = 0, bbcId = -10000
W/ActivityManager( 1015): NORMAL SET : dst_category = 701, src_allowCategory = 0,701-1023
W/ActivityManager( 1015): NORMAL SET : srcAppInfo.processName = com.google.process.gapps, destAppInfo.processName = com.google.android.gms
D/ActivityManager( 1015): retrieveServiceLocked(): component = null; callingUser = 0; userId(target) = 0
W/ActivityManager( 1015): userId = 0, bbcId = -10000
W/ActivityManager( 1015): NORMAL SET : dst_category = 701, src_allowCategory = 0,701-1023
W/ActivityManager( 1015): NORMAL SET : srcAppInfo.processName = com.google.process.gapps, destAppInfo.processName = com.google.android.gms
D/ActivityManager( 1015): startService callerProcessName:com.google.android.gms, calleePkgName: com.google.android.gms
D/ActivityManager( 1015): retrieveServiceLocked(): component = com.google.android.gms/com.google.android.gms.common.stats.GmsCoreStatsService; callingUser = 0; userId(target) = 0
W/ActivityManager( 1015): userId = 0, bbcId = -10000
W/ActivityManager( 1015): NORMAL SET : dst_category = 701, src_allowCategory = 0,701-1023
W/ActivityManager( 1015): NORMAL SET : srcAppInfo.processName = com.google.android.gms, destAppInfo.processName = com.google.android.gms
I/ActivityManager( 1015): do not start freezing screen for locked container getKeyguardshowstate = false
D/ActivityManager( 1015): retrieveServiceLocked(): component = null; callingUser = 0; userId(target) = 0
W/ActivityManager( 1015): userId = 0, bbcId = -10000
W/ActivityManager( 1015): NORMAL SET : dst_category = 701, src_allowCategory = 0,701-1023
W/ActivityManager( 1015): NORMAL SET : srcAppInfo.processName = com.google.process.gapps, destAppInfo.processName = com.google.android.gms
W/ActivityManager( 1015): userId = 0, bbcId = -10000
W/ActivityManager( 1015): NORMAL SET : dst_category = 701, src_allowCategory = 0,701-1023
W/ActivityManager( 1015): NORMAL SET : srcAppInfo.processName = com.google.android.gms, destAppInfo.processName = com.google.android.gms
W/ActivityManager( 1015): mDVFSHelper.acquire()
W/ActivityManager( 1015): userId = 0, bbcId = -10000
W/ActivityManager( 1015): NORMAL SET : dst_category = 701, src_allowCategory = 0,701-1023
W/ActivityManager( 1015): NORMAL SET : srcAppInfo.processName = com.google.android.gms, destAppInfo.processName = com.google.android.gms
D/ActivityManager( 1015): retrieveServiceLocked(): component = null; callingUser = 0; userId(target) = 0
W/ActivityManager( 1015): userId = 0, bbcId = -10000
W/ActivityManager( 1015): NORMAL SET : dst_category = 701, src_allowCategory = 0,701-1023
W/ActivityManager( 1015): NORMAL SET : srcAppInfo.processName = com.google.process.gapps, destAppInfo.processName = com.google.android.gms
W/ActivityManager( 1015): userId = 0, bbcId = -10000
W/ActivityManager( 1015): NORMAL SET : dst_category = 701, src_allowCategory = 0,701-1023
W/ActivityManager( 1015): NORMAL SET : srcAppInfo.processName = com.google.android.gms, destAppInfo.processName = com.google.android.gms
E/ActivityManager( 1015): checkUser: useridlist=null, currentuser=0
E/ActivityManager( 1015): checkUser: useridlist=null, currentuser=0
E/ActivityManager( 1015): checkUser: useridlist=null, currentuser=0
E/ActivityManager( 1015): checkUser: useridlist=null, currentuser=0
I/ActivityManager( 1015): Start proc com.example.hello for activity com.example.hello/.MainActivity: pid=4513 uid=10174 gids={50174, 9997, 3003, 3001, 3002} abi=armeabi-v7a
W/ActivityManager( 1015): userId = 0, bbcId = -10000
W/ActivityManager( 1015): NORMAL SET : dst_category = 701, src_allowCategory = 0,701-1023
W/ActivityManager( 1015): NORMAL SET : srcAppInfo.processName = com.google.android.gms, destAppInfo.processName = com.google.android.gms
W/ActivityManager( 1015): userId = 0, bbcId = -10000
W/ActivityManager( 1015): NORMAL SET : dst_category = 701, src_allowCategory = 0,701-1023
W/ActivityManager( 1015): NORMAL SET : srcAppInfo.processName = com.google.android.gms, destAppInfo.processName = com.google.android.gms
W/ActivityManager( 1015): userId = 0, bbcId = -10000
W/ActivityManager( 1015): NORMAL SET : dst_category = 701, src_allowCategory = 0,701-1023
W/ActivityManager( 1015): NORMAL SET : srcAppInfo.processName = com.google.android.gms, destAppInfo.processName = com.google.android.gms
D/ActivityThread( 4513): Added TimaKeyStore provider
V/ActivityThread( 1480): updateVisibility : ActivityRecord{13089062 token=android.os.BinderProxy@3ffe1978 {com.sec.android.app.launcher/com.android.launcher2.Launcher}} show : false
W/ActivityManager( 1015): userId = 0, bbcId = -10000
W/ActivityManager( 1015): NORMAL SET : dst_category = 701, src_allowCategory = 0,701-1023
W/ActivityManager( 1015): NORMAL SET : srcAppInfo.processName = com.google.android.gms, destAppInfo.processName = com.google.android.gms
W/ActivityManager( 1015): userId = 0, bbcId = -10000
W/ActivityManager( 1015): NORMAL SET : dst_category = 701, src_allowCategory = 0,701-1023
W/ActivityManager( 1015): NORMAL SET : srcAppInfo.processName = com.google.android.gms, destAppInfo.processName = com.google.android.gms
D/ActivityManager( 1015): retrieveServiceLocked(): component = null; callingUser = 0; userId(target) = 0
W/ActivityManager( 1015): userId = 0, bbcId = -10000
W/ActivityManager( 1015): NORMAL SET : dst_category = 701, src_allowCategory = 0,701-1023
W/ActivityManager( 1015): NORMAL SET : srcAppInfo.processName = com.google.android.gms, destAppInfo.processName = com.google.android.gms
W/ActivityManager( 1015): userId = 0, bbcId = -10000
W/ActivityManager( 1015): NORMAL SET : dst_category = 701, src_allowCategory = 0,701-1023
W/ActivityManager( 1015): NORMAL SET : srcAppInfo.processName = com.google.android.gms, destAppInfo.processName = com.google.android.gms
D/ActivityManager( 1015): startService callerProcessName:com.google.android.gms, calleePkgName: com.google.android.gms
D/ActivityManager( 1015): retrieveServiceLocked(): component = com.google.android.gms/com.google.android.gms.deviceconnection.service.DeviceConnectionServiceBroker; callingUser = 0; userId(target) = 0
W/ActivityManager( 1015): userId = 0, bbcId = -10000
W/ActivityManager( 1015): NORMAL SET : dst_category = 701, src_allowCategory = 0,701-1023
W/ActivityManager( 1015): NORMAL SET : srcAppInfo.processName = com.google.android.gms, destAppInfo.processName = com.google.android.gms
W/ActivityManager( 1015): userId = 0, bbcId = -10000
W/ActivityManager( 1015): NORMAL SET : dst_category = 701, src_allowCategory = 0,701-1023
W/ActivityManager( 1015): NORMAL SET : srcAppInfo.processName = com.google.android.gms, destAppInfo.processName = com.google.android.gms
D/ActivityManager( 1015): startService callerProcessName:com.google.android.gms, calleePkgName: com.google.android.gms
D/ActivityManager( 1015): retrieveServiceLocked(): component = com.google.android.gms/com.google.android.gms.lockbox.LockboxService; callingUser = 0; userId(target) = 0
W/ActivityManager( 1015): userId = 0, bbcId = -10000
W/ActivityManager( 1015): NORMAL SET : dst_category = 701, src_allowCategory = 0,701-1023
W/ActivityManager( 1015): NORMAL SET : srcAppInfo.processName = com.google.android.gms, destAppInfo.processName = com.google.android.gms
D/ActivityManager( 1015): startService callerProcessName:com.google.android.gsf, calleePkgName: com.google.android.gms
D/ActivityManager( 1015): retrieveServiceLocked(): component = com.google.android.gms/com.google.android.gms.gcm.GcmService; callingUser = 0; userId(target) = 0
W/ActivityManager( 1015): userId = 0, bbcId = -10000
W/ActivityManager( 1015): NORMAL SET : dst_category = 701, src_allowCategory = 0,701-1023
W/ActivityManager( 1015): NORMAL SET : srcAppInfo.processName = com.google.process.gapps, destAppInfo.processName = com.google.android.gms
W/ActivityManager( 1015): userId = 0, bbcId = -10000
W/ActivityManager( 1015): NORMAL SET : dst_category = 701, src_allowCategory = 0,701-1023
W/ActivityManager( 1015): NORMAL SET : srcAppInfo.processName = com.google.android.gms, destAppInfo.processName = com.google.android.gms
W/ActivityManager( 1015): userId = 0, bbcId = -10000
W/ActivityManager( 1015): NORMAL SET : dst_category = 701, src_allowCategory = 0,701-1023
W/ActivityManager( 1015): NORMAL SET : srcAppInfo.processName = com.google.android.gms, destAppInfo.processName = com.google.android.gms
W/ActivityManager( 1015): userId = 0, bbcId = -10000
W/ActivityManager( 1015): NORMAL SET : dst_category = 701, src_allowCategory = 0,701-1023
W/ActivityManager( 1015): NORMAL SET : srcAppInfo.processName = com.google.android.gms, destAppInfo.processName = com.google.android.gms
D/ActivityManager( 1015): startService callerProcessName:com.google.android.gsf, calleePkgName: com.google.android.gms
D/ActivityManager( 1015): retrieveServiceLocked(): component = com.google.android.gms/com.google.android.gms.auth.be.account.AccountStatusChecker$InitializeService; callingUser = 0; userId(target) = 0
W/ActivityManager( 1015): userId = 0, bbcId = -10000
W/ActivityManager( 1015): NORMAL SET : dst_category = 701, src_allowCategory = 0,701-1023
W/ActivityManager( 1015): NORMAL SET : srcAppInfo.processName = com.google.process.gapps, destAppInfo.processName = com.google.android.gms
,W/ActivityManager( 1015): userId = 0, bbcId = -10000
,W/ActivityManager( 1015): NORMAL SET : dst_category = 701, src_allowCategory = 0,701-1023
W/ActivityManager( 1015): NORMAL SET : srcAppInfo.processName = com.google.android.gms, destAppInfo.processName = com.google.android.gms
W/ActivityManager( 1015): userId = 0, bbcId = -10000
W/ActivityManager( 1015): NORMAL SET : dst_category = 701, src_allowCategory = 0,701-1023
W/ActivityManager( 1015): NORMAL SET : srcAppInfo.processName = com.google.android.gms, destAppInfo.processName = com.google.android.gms
,D/ActivityManager( 1015): startService callerProcessName:com.google.android.gsf, calleePkgName: com.google.android.gms
D/ActivityManager( 1015): retrieveServiceLocked(): component = com.google.android.gms/com.google.android.gms.auth.crypto.ChannelBindingStateService; callingUser = 0; userId(target) = 0
,W/ActivityManager( 1015): userId = 0, bbcId = -10000
W/ActivityManager( 1015): NORMAL SET : dst_category = 701, src_allowCategory = 0,701-1023
W/ActivityManager( 1015): NORMAL SET : srcAppInfo.processName = com.google.process.gapps, destAppInfo.processName = com.google.android.gms
,W/ActivityManager( 1015): userId = 0, bbcId = -10000
W/ActivityManager( 1015): NORMAL SET : dst_category = 701, src_allowCategory = 0,701-1023
W/ActivityManager( 1015): NORMAL SET : srcAppInfo.processName = com.google.android.gms, destAppInfo.processName = com.google.android.gms
,D/ActivityManager( 1015): startService callerProcessName:com.google.android.gms, calleePkgName: com.google.android.gms
D/ActivityManager( 1015): retrieveServiceLocked(): component = com.google.android.gms/com.google.android.gms.common.stats.GmsCoreStatsService; callingUser = 0; userId(target) = 0
,W/ActivityManager( 1015): userId = 0, bbcId = -10000
W/ActivityManager( 1015): NORMAL SET : dst_category = 701, src_allowCategory = 0,701-1023
W/ActivityManager( 1015): NORMAL SET : srcAppInfo.processName = com.google.android.gms, destAppInfo.processName = com.google.android.gms
,D/ActivityManager( 1015): startService callerProcessName:com.samsung.hs20settings, calleePkgName: com.samsung.hs20settings
,D/ActivityManager( 1015): retrieveServiceLocked(): component = com.samsung.hs20settings/com.samsung.hs20settings.WifiHs20UtilityService; callingUser = 0; userId(target) = -2
,W/ActivityManager( 1015): userId = 0, bbcId = -10000
,W/ActivityManager( 1015): NORMAL SET : dst_category = 0, src_allowCategory = 0,2-1023
W/ActivityManager( 1015): NORMAL SET : srcAppInfo.processName = com.samsung.hs20settings, destAppInfo.processName = com.samsung.hs20settings
,D/ActivityManager( 1015): startProcessLocked calleePkgName: com.samsung.android.securitylogagent, hostingType: broadcast
,E/ActivityManager( 1015): checkUser: useridlist=null, currentuser=0
E/ActivityManager( 1015): checkUser: useridlist=null, currentuser=0
E/ActivityManager( 1015): checkUser: useridlist=null, currentuser=0
E/ActivityManager( 1015): checkUser: useridlist=null, currentuser=0
,I/ActivityManager( 1015): Start proc com.samsung.android.securitylogagent for broadcast com.samsung.android.securitylogagent/.receivers.NetworkReceiver: pid=4536 uid=1000 gids={41000, 9997, 3002, 3001, 3003, 1028, 1015, 1007, 1023, 2001, 1024, 1001, 1021, 3004, 3005, 1000, 3009, 1010} abi=armeabi-v7a,
,D/ActivityThread( 4536): Added TimaKeyStore provider
,D/ActivityManager( 1015): retrieveServiceLocked(): component = null; callingUser = 0; userId(target) = 0
,W/ActivityManager( 1015): userId = 0, bbcId = -10000
W/ActivityManager( 1015): NORMAL SET : dst_category = 701, src_allowCategory = 0,701-1023
W/ActivityManager( 1015): NORMAL SET : srcAppInfo.processName = com.google.android.gms, destAppInfo.processName = com.google.android.gms
,D/ActivityManager( 1015): startService callerProcessName:com.google.android.gsf, calleePkgName: com.google.android.gms
,D/ActivityManager( 1015): retrieveServiceLocked(): component = com.google.android.gms/com.google.android.gms.gcm.GcmService; callingUser = 0; userId(target) = 0
,W/ActivityManager( 1015): userId = 0, bbcId = -10000
,W/ActivityManager( 1015): NORMAL SET : dst_category = 701, src_allowCategory = 0,701-1023
W/ActivityManager( 1015): NORMAL SET : srcAppInfo.processName = com.google.process.gapps, destAppInfo.processName = com.google.android.gms
,D/ActivityManager( 1015): startService callerProcessName:com.google.android.gms, calleePkgName: com.google.android.gms
D/ActivityManager( 1015): retrieveServiceLocked(): component = com.google.android.gms/com.google.android.gms.deviceconnection.service.DeviceConnectionServiceBroker; callingUser = 0; userId(target) = 0
,W/ActivityManager( 1015): userId = 0, bbcId = -10000
W/ActivityManager( 1015): NORMAL SET : dst_category = 701, src_allowCategory = 0,701-1023
W/ActivityManager( 1015): NORMAL SET : srcAppInfo.processName = com.google.android.gms, destAppInfo.processName = com.google.android.gms
,D/ActivityManager( 1015): startService callerProcessName:com.google.android.gms, calleePkgName: com.google.android.gms
D/ActivityManager( 1015): retrieveServiceLocked(): component = com.google.android.gms/com.google.android.gms.lockbox.LockboxService; callingUser = 0; userId(target) = 0
,W/ActivityManager( 1015): userId = 0, bbcId = -10000
,W/ActivityManager( 1015): NORMAL SET : dst_category = 701, src_allowCategory = 0,701-1023
,W/ActivityManager( 1015): NORMAL SET : srcAppInfo.processName = com.google.android.gms, destAppInfo.processName = com.google.android.gms
,D/ActivityManager( 1015): startService callerProcessName:com.google.android.gsf, calleePkgName: com.google.android.gms
D/ActivityManager( 1015): retrieveServiceLocked(): component = com.google.android.gms/com.google.android.gms.auth.be.account.AccountStatusChecker$InitializeService; callingUser = 0; userId(target) = 0
,W/ActivityManager( 1015): userId = 0, bbcId = -10000
W/ActivityManager( 1015): NORMAL SET : dst_category = 701, src_allowCategory = 0,701-1023
W/ActivityManager( 1015): NORMAL SET : srcAppInfo.processName = com.google.process.gapps, destAppInfo.processName = com.google.android.gms
,D/ActivityManager( 1015): startService callerProcessName:com.google.android.gsf, calleePkgName: com.google.android.gms
D/ActivityManager( 1015): retrieveServiceLocked(): component = com.google.android.gms/com.google.android.gms.auth.crypto.ChannelBindingStateService; callingUser = 0; userId(target) = 0
,W/ActivityManager( 1015): userId = 0, bbcId = -10000
,W/ActivityManager( 1015): NORMAL SET : dst_category = 701, src_allowCategory = 0,701-1023
W/ActivityManager( 1015): NORMAL SET : srcAppInfo.processName = com.google.process.gapps, destAppInfo.processName = com.google.android.gms
,D/ActivityManager( 1015): startService callerProcessName:com.google.android.gms, calleePkgName: com.google.android.gms
D/ActivityManager( 1015): retrieveServiceLocked(): component = com.google.android.gms/com.google.android.gms.common.stats.GmsCoreStatsService; callingUser = 0; userId(target) = 0
,W/ActivityManager( 1015): userId = 0, bbcId = -10000
W/ActivityManager( 1015): NORMAL SET : dst_category = 701, src_allowCategory = 0,701-1023
,W/ActivityManager( 1015): NORMAL SET : srcAppInfo.processName = com.google.android.gms, destAppInfo.processName = com.google.android.gms
,D/ActivityManager( 1015): startService callerProcessName:com.samsung.hs20settings, calleePkgName: com.samsung.hs20settings
,D/ActivityManager( 1015): retrieveServiceLocked(): component = com.samsung.hs20settings/com.samsung.hs20settings.WifiHs20UtilityService; callingUser = 0; userId(target) = -2
,W/ActivityManager( 1015): userId = 0, bbcId = -10000
,W/ActivityManager( 1015): NORMAL SET : dst_category = 0, src_allowCategory = 0,2-1023
W/ActivityManager( 1015): NORMAL SET : srcAppInfo.processName = com.samsung.hs20settings, destAppInfo.processName = com.samsung.hs20settings
,D/ActivityManager( 1015): startProcessLocked calleePkgName: com.samsung.android.app.FileShareClient, hostingType: broadcast
,E/ActivityManager( 1015): checkUser: useridlist=null, currentuser=0
,E/ActivityManager( 1015): checkUser: useridlist=null, currentuser=0
E/ActivityManager( 1015): checkUser: useridlist=null, currentuser=0
E/ActivityManager( 1015): checkUser: useridlist=null, currentuser=0
,I/ActivityManager( 1015): Start proc com.samsung.android.app.FileShareClient for broadcast com.samsung.android.app.FileShareClient/.ClientBroadcastReceiver: pid=4575 uid=10068 gids={50068, 9997, 3003, 1028, 1015} abi=armeabi-v7a
,D/ActivityThread( 4575): Added TimaKeyStore provider
,I/ActivityManager( 1015): Killing 3698:com.android.managedprovisioning/u0a22 (adj 15): empty #31
,I/ActivityManager( 1015): Killing 3738:com.samsung.android.MtpApplication/1000 (adj 15): empty #31
,D/ActivityManager( 1015): post active user change for 0 fullscreen true record.isFloatingActivity() false
,D/ActivityManager( 1015): startService callerProcessName:com.samsung.hs20settings, calleePkgName: com.samsung.hs20settings
,D/ActivityManager( 1015): retrieveServiceLocked(): component = com.samsung.hs20settings/com.samsung.hs20settings.WifiHs20UtilityService; callingUser = 0; userId(target) = -2
,W/ActivityManager( 1015): userId = 0, bbcId = -10000
W/ActivityManager( 1015): NORMAL SET : dst_category = 0, src_allowCategory = 0,2-1023
W/ActivityManager( 1015): NORMAL SET : srcAppInfo.processName = com.samsung.hs20settings, destAppInfo.processName = com.samsung.hs20settings
,W/ActivityManager( 1015): userId = 0, bbcId = -10000
W/ActivityManager( 1015): NORMAL SET : dst_category = 0, src_allowCategory = 0,2-1023
W/ActivityManager( 1015): NORMAL SET : srcAppInfo.processName = com.android.contacts, destAppInfo.processName = com.android.contacts
,D/ActivityManager( 1015): startService callerProcessName:com.android.contacts, calleePkgName: com.android.contacts
D/ActivityManager( 1015): retrieveServiceLocked(): component = com.android.contacts/com.samsung.contacts.sim.MakeSimDBService; callingUser = 0; userId(target) = 0
,W/ActivityManager( 1015): userId = 0, bbcId = -10000,
W/ActivityManager( 1015): NORMAL SET : dst_category = 0, src_allowCategory = 0,2-1023
W/ActivityManager( 1015): NORMAL SET : srcAppInfo.processName = com.android.contacts, destAppInfo.processName = com.android.contacts
