I/ActivityManager(  887): Start proc com.example.hello for activity com.example.hello/.MainActivity: pid=6314 uid=10374 gids={50374, 9997, 3003, 3001, 3002} abi=armeabi-v7a
D/ActivityThread( 6314): Added TimaKeyStore provider
V/ActivityManager(  887): Display changed displayId=0
I/ActivityManager(  887): Killing 5406:com.sec.android.GeoLookout/u0a113 (adj 15): bgCount ##41
,E/ActivityManager(  887): checkUser: useridlist=null, currentuser=0
E/ActivityManager(  887): checkUser: useridlist=null, currentuser=0
E/ActivityManager(  887): checkUser: useridlist=null, currentuser=0
E/ActivityManager(  887): checkUser: useridlist=null, currentuser=0
I/ActivityManager(  887): Start proc com.google.android.music:main for broadcast com.google.android.music/.leanback.AutoCacheSchedulingService$EnablingReceiver: pid=6365 uid=10126 gids={50126, 9997, 3003, 1028, 1015} abi=armeabi-v7a
D/ActivityThread( 6365): Added TimaKeyStore provider
D/ActivityManager(  887): post active user change for 0
W/ActivityManager(  887): mDVFSHelper.release()
W/ActivityThread( 6365): ClassLoader.loadClass: The class loader returned by Thread.getContextClassLoader() may fail for processes that host multiple applications. You should explicitly specify a context class loader. For example: Thread.setContextClassLoader(getClass().getClassLoader());
W/jxcore-log( 6314): Initializing JXcore engine
W/jxcore-log( 6314): JXcore engine is ready
W/jxcore-log( 6314): Starting JXcore engine
E/ActivityManager(  887): checkUser: useridlist=null, currentuser=0
E/ActivityManager(  887): checkUser: useridlist=null, currentuser=0
E/ActivityManager(  887): checkUser: useridlist=null, currentuser=0
E/ActivityManager(  887): checkUser: useridlist=null, currentuser=0
I/ActivityManager(  887): Start proc com.samsung.android.app.FileShareServer for broadcast com.samsung.android.app.FileShareServer/.ServerBroadcastReceiver: pid=6419 uid=10075 gids={50075, 9997, 3003, 1028, 1015} abi=armeabi-v7a
W/jxcore-log( 6314): Platform android
W/jxcore-log( 6314): 
W/jxcore-log( 6314): Process ARCH arm
W/jxcore-log( 6314): 
,I/ActivityManager(  887): Killing 4604:com.sec.android.app.camera/u0a154 (adj 15): bgCount ##41
,D/ActivityThread( 6419): Added TimaKeyStore provider
,I/jxcore-log( 6314): JXcore Cordova bridge is ready!
I/jxcore-log( 6314): 
,W/jxcore-log( 6314): JXcore engine is started
,E/ActivityManager(  887): checkUser: useridlist=null, currentuser=0
E/ActivityManager(  887): checkUser: useridlist=null, currentuser=0
E/ActivityManager(  887): checkUser: useridlist=null, currentuser=0
E/ActivityManager(  887): checkUser: useridlist=null, currentuser=0
,I/ActivityManager(  887): Start proc com.sec.knox.bridge for broadcast com.sec.knox.bridge/.PersonaShortcutReceiver: pid=6443 uid=1000 gids={41000, 9997, 3002, 3001, 3003, 1028, 1015, 1007, 1023, 2001, 1024, 1001} abi=armeabi-v7a
,I/ActivityManager(  887): Killing 5044:com.sec.android.widgetapp.activeapplicationwidget/u0a158 (adj 15): bgCount ##41
,E/ActivityThread( 6365): Service com.google.android.music.download.TrackDownloadQueueService has leaked ServiceConnection com.google.android.gms.http.GoogleURLConnectionFactory$1@11293928 that was originally bound here
E/ActivityThread( 6365): android.app.ServiceConnectionLeaked: Service com.google.android.music.download.TrackDownloadQueueService has leaked ServiceConnection com.google.android.gms.http.GoogleURLConnectionFactory$1@11293928 that was originally bound here
E/ActivityThread( 6365): 	at android.app.LoadedApk$ServiceDispatcher.<init>(LoadedApk.java:1134)
E/ActivityThread( 6365): 	at android.app.LoadedApk.getServiceDispatcher(LoadedApk.java:1028)
E/ActivityThread( 6365): 	at android.app.ContextImpl.bindServiceCommon(ContextImpl.java:2085)
E/ActivityThread( 6365): 	at android.app.ContextImpl.bindService(ContextImpl.java:2068)
E/ActivityThread( 6365): 	at android.content.ContextWrapper.bindService(ContextWrapper.java:559)
E/ActivityThread( 6365): 	at com.google.android.gms.http.GoogleURLConnectionFactory.<init>(Unknown Source)
E/ActivityThread( 6365): 	at com.google.android.gms.http.GoogleHttpClient.<init>(Unknown Source)
E/ActivityThread( 6365): 	at com.google.android.gms.http.GoogleHttpClient.<init>(Unknown Source)
E/ActivityThread( 6365): 	at com.google.android.gms.http.GoogleHttpClient.<init>(Unknown Source)
E/ActivityThread( 6365): 	at com.google.android.music.GoogleHttpClientFactory.createGoogleHttpClient(GoogleHttpClientFactory.java:81)
E/ActivityThread( 6365): 	at com.google.android.music.cloudclient.MusicRequest.createHttpClient(MusicRequest.java:110)
E/ActivityThread( 6365): 	at com.google.android.music.cloudclient.MusicRequest.getSharedHttpClient(MusicRequest.java:100)
E/ActivityThread( 6365): 	at com.google.android.music.download.BaseDownloadQueueManager.<init>(BaseDownloadQueueManager.java:110)
E/ActivityThread( 6365): 	at com.google.android.music.download.TrackDownloadQueueManager.<init>(TrackDownloadQueueManager.java:10)
E/ActivityThread( 6365): 	at com.google.android.music.download.TrackDownloadQueueService.onCreate(TrackDownloadQueueService.java:25)
E/ActivityThread( 6365): 	at android.app.ActivityThread.handleCreateService(ActivityThread.java:3100)
E/ActivityThread( 6365): 	at android.app.ActivityThread.access$1900(ActivityThread.java:172)
E/ActivityThread( 6365): 	at android.app.ActivityThread$H.handleMessage(ActivityThread.java:1505)
E/ActivityThread( 6365): 	at android.os.Handler.dispatchMessage(Handler.java:102)
E/ActivityThread( 6365): 	at android.os.Looper.loop(Looper.java:145)
E/ActivityThread( 6365): 	at android.app.ActivityThread.main(ActivityThread.java:5832)
E/ActivityThread( 6365): 	at java.lang.reflect.Method.invoke(Native Method)
E/ActivityThread( 6365): 	at java.lang.reflect.Method.invoke(Method.java:372)
E/ActivityThread( 6365): 	at com.android.internal.os.ZygoteInit$MethodAndArgsCaller.run(ZygoteInit.java:1399)
E/ActivityThread( 6365): 	at com.android.internal.os.ZygoteInit.main(ZygoteInit.java:1194)
,I/ActivityManager(  887): Killing 5547:com.google.android.partnersetup/u0a15 (adj 15): bgCount ##41
,D/ActivityThread( 6443): Added TimaKeyStore provider
,E/jxcore-log( 6314): >> samsung-SM-G900F
E/jxcore-log( 6314): 
,I/jxcore-log( 6314): Total memory 1787449344
I/jxcore-log( 6314): 
,I/jxcore-log( 6314): Free memory 50401280
I/jxcore-log( 6314): 
I/jxcore-log( 6314): execPath /data/data/com.example.hello/files/www/jxcore
I/jxcore-log( 6314): 
I/jxcore-log( 6314): process.cwd /data/data/com.example.hello/files/www/jxcore
I/jxcore-log( 6314): 
,I/jxcore-log( 6314): userPath [ 'rList-com.example.hello.MainActivity', 'www' ]
I/jxcore-log( 6314): 
,I/jxcore-log( 6314): Size 1080 1920
I/jxcore-log( 6314): 
,I/jxcore-log( 6314): Screen Brightness 134
I/jxcore-log( 6314): 
,E/jxcore-log( 6314): Dummy Error Log.
E/jxcore-log( 6314): 
,E/ActivityManager(  887): checkUser: useridlist=null, currentuser=0
E/ActivityManager(  887): checkUser: useridlist=null, currentuser=0
E/ActivityManager(  887): checkUser: useridlist=null, currentuser=0
E/ActivityManager(  887): checkUser: useridlist=null, currentuser=0
,I/ActivityManager(  887): Start proc com.sec.knox.knoxsetupwizardclient for broadcast com.sec.knox.knoxsetupwizardclient/.shortcut.ShortcutReceiver: pid=6458 uid=1000 gids={41000, 9997, 3002, 3001, 3003, 1028, 1015, 1007, 1023, 2001, 1024, 1001} abi=armeabi-v7a
,I/ActivityManager(  887): Killing 5566:com.samsung.groupcast/u0a16 (adj 15): bgCount ##41
,D/ActivityThread( 6458): Added TimaKeyStore provider
,I/ActivityManager(  887): Killing 5582:com.sec.pcw.device/1000 (adj 15): bgCount ##41
,E/ActivityManager(  887): checkUser: useridlist=null, currentuser=0
,E/ActivityManager(  887): checkUser: useridlist=null, currentuser=0
E/ActivityManager(  887): checkUser: useridlist=null, currentuser=0
E/ActivityManager(  887): checkUser: useridlist=null, currentuser=0
,I/ActivityManager(  887): Start proc com.sec.android.widgetapp.activeapplicationwidget for broadcast com.sec.android.widgetapp.activeapplicationwidget/.ProgramMonitorProvider: pid=6478 uid=10158 gids={50158, 9997, 1028, 1015} abi=armeabi-v7a
,D/ActivityThread( 6478): Added TimaKeyStore provider
,I/ActivityManager(  887): Killing 4871:com.policydm/1000 (adj 15): bgCount ##41
,E/ActivityManager(  887): checkUser: useridlist=null, currentuser=0
E/ActivityManager(  887): checkUser: useridlist=null, currentuser=0
E/ActivityManager(  887): checkUser: useridlist=null, currentuser=0
E/ActivityManager(  887): checkUser: useridlist=null, currentuser=0
,I/ActivityManager(  887): Start proc com.samsung.dcm:DCMService for broadcast com.samsung.dcm/.framework.broadcastreceivers.SystemBroadcastReceiver$DCMBroadcastReceiver: pid=6501 uid=10004 gids={50004, 9997, 3003, 1028, 1015} abi=armeabi-v7a
,D/ActivityThread( 6501): Added TimaKeyStore provider
,E/ActivityManager(  887): checkUser: useridlist=null, currentuser=0
E/ActivityManager(  887): checkUser: useridlist=null, currentuser=0
E/ActivityManager(  887): checkUser: useridlist=null, currentuser=0
E/ActivityManager(  887): checkUser: useridlist=null, currentuser=0
,I/ActivityManager(  887): Start proc com.samsung.indexservice for broadcast com.samsung.indexservice/com.samsung.index.indexservice.service.DocumentBroadcastReceiver: pid=6521 uid=10007 gids={50007, 9997, 1028, 1015} abi=armeabi-v7a
,I/ActivityManager(  887): Killing 5288:com.samsung.android.sdk.samsunglink/u0a42 (adj 15): bgCount ##41
,I/jxcore-log( 6314): getBuffer is called!!!!
I/jxcore-log( 6314): 
,D/ActivityThread( 6521): Added TimaKeyStore provider
,E/ActivityManager(  887): checkUser: useridlist=null, currentuser=0
,E/ActivityManager(  887): checkUser: useridlist=null, currentuser=0
E/ActivityManager(  887): checkUser: useridlist=null, currentuser=0
E/ActivityManager(  887): checkUser: useridlist=null, currentuser=0
,I/ActivityManager(  887): Start proc com.sec.android.app.music:service for broadcast com.sec.android.app.music/.appwidget.MusicAppWidgetProvider: pid=6540 uid=10044 gids={50044, 9997, 3003, 3002, 1028, 1015, 1023, 1007} abi=armeabi-v7a
,D/ActivityThread( 6540): Added TimaKeyStore provider
,I/ActivityManager(  887): Killing 4948:com.osp.app.signin/u0a45 (adj 15): bgCount ##41
,I/ActivityManager(  887): Process com.samsung.indexservice (pid 6521)(adj 11) has died(56,587)
,E/ActivityManager(  887): checkUser: useridlist=null, currentuser=0
E/ActivityManager(  887): checkUser: useridlist=null, currentuser=0
E/ActivityManager(  887): checkUser: useridlist=null, currentuser=0
E/ActivityManager(  887): checkUser: useridlist=null, currentuser=0
,I/ActivityManager(  887): Start proc com.samsung.android.securitylogagent for broadcast com.samsung.android.securitylogagent/.receivers.SeDenialReceiver: pid=6567 uid=1000 gids={41000, 9997, 3002, 3001, 3003, 1028, 1015, 1007, 1023, 2001, 1024, 1001} abi=armeabi-v7a
,D/ActivityThread( 6567): Added TimaKeyStore provider
,I/ActivityManager(  887): Killing 5133:com.android.mms/u0a50 (adj 15): bgCount ##41
,I/ActivityManager(  887): Killing 5621:com.sec.android.app.myfiles/u0a51 (adj 15): bgCount ##41
,I/jxcore-log( 6314): ****TEST TOOK:  5066  ms ****
I/jxcore-log( 6314): 
,I/jxcore-log( 6314): ****TEST_LOGGER:[PROCESS_ON_EXIT_SUCCESS]****
I/jxcore-log( 6314): 
,I/ActivityManager(  887): Killing 5645:com.sec.android.app.soundalive/u0a58 (adj 15): bgCount ##41
,I/ActivityManager(  887): Force stopping com.example.hello appid=10374 user=-1: uninstall pkg
,I/ActivityManager(  887): Killing 6314:com.example.hello/u0a374 (adj 0): stop com.example.hello
,I/ActivityManager(  887):   Force finishing activity ActivityRecord{2710b525 u0 com.example.hello/.MainActivity t11}
,I/ActivityManager(  887): Force stopping com.example.hello appid=10374 user=0: pkg removed
,E/ActivityManager(  887): checkUser: useridlist=null, currentuser=0
,E/ActivityManager(  887): checkUser: useridlist=null, currentuser=0
,E/ActivityManager(  887): checkUser: useridlist=null, currentuser=0
E/ActivityManager(  887): checkUser: useridlist=null, currentuser=0
,I/ActivityManager(  887): Start proc com.samsung.klmsagent for broadcast com.samsung.klmsagent/.listner.MainReciver: pid=6655 uid=10019 gids={50019, 9997, 3003} abi=armeabi-v7a
,I/ActivityManager(  887): Waited long enough for: ServiceRecord{110e4018 u0 com.samsung.android.app.galaxyfinder/.tag.TagReadyService}
,D/ActivityThread( 6655): Added TimaKeyStore provider
,E/ActivityManager(  887): checkUser: useridlist=null, currentuser=0
E/ActivityManager(  887): checkUser: useridlist=null, currentuser=0
E/ActivityManager(  887): checkUser: useridlist=null, currentuser=0
E/ActivityManager(  887): checkUser: useridlist=null, currentuser=0
,I/ActivityManager(  887): Start proc com.sec.esdk.elm for broadcast com.sec.esdk.elm/.receiver.MainReceiver: pid=6675 uid=10104 gids={50104, 9997, 3003} abi=armeabi-v7a
,I/ActivityManager(  887): Killing 5685:com.google.android.apps.docs/u0a98 (adj 15): bgCount ##41
,D/ActivityThread( 6675): Added TimaKeyStore provider
,E/ActivityManager(  887): checkUser: useridlist=null, currentuser=0
E/ActivityManager(  887): checkUser: useridlist=null, currentuser=0
E/ActivityManager(  887): checkUser: useridlist=null, currentuser=0
E/ActivityManager(  887): checkUser: useridlist=null, currentuser=0
,I/ActivityManager(  887): Start proc com.sec.android.service.health for broadcast com.sec.android.service.health/.upgrade.UninstallReceiver: pid=6692 uid=10017 gids={50017, 9997} abi=armeabi-v7a
,I/ActivityManager(  887): Killing 5742:com.vlingo.midas/u0a33 (adj 15): bgCount ##41
,D/ActivityThread( 6692): Added TimaKeyStore provider
,E/ActivityManager(  887): checkUser: useridlist=null, currentuser=0
E/ActivityManager(  887): checkUser: useridlist=null, currentuser=0
E/ActivityManager(  887): checkUser: useridlist=null, currentuser=0
E/ActivityManager(  887): checkUser: useridlist=null, currentuser=0
,I/ActivityManager(  887): Start proc com.sec.pcw.device for broadcast com.sec.pcw.device/.receiver.SYSTEMReceiver: pid=6708 uid=1000 gids={41000, 9997, 3002, 3001, 3003, 1028, 1015, 1007, 1023, 2001, 1024, 1001} abi=armeabi-v7a
,I/ActivityManager(  887): Killing 5776:com.sec.android.provider.logsprovider/u0a20 (adj 15): bgCount ##41
,D/ActivityThread( 6708): Added TimaKeyStore provider
,E/ActivityManager(  887): checkUser: useridlist=null, currentuser=0
,E/ActivityManager(  887): checkUser: useridlist=null, currentuser=0
E/ActivityManager(  887): checkUser: useridlist=null, currentuser=0
,E/ActivityManager(  887): checkUser: useridlist=null, currentuser=0
,I/ActivityManager(  887): Start proc com.samsung.android.sdk.samsunglink for broadcast com.samsung.android.sdk.samsunglink/com.sec.pcw.service.push.spp.SPPReceiver: pid=6725 uid=10042 gids={50042, 9997, 1007, 3003, 1028, 1015, 1023, 3002, 3001} abi=armeabi-v7a
,I/ActivityManager(  887): Killing 5786:com.samsung.android.intelligenceservice/u0a3 (adj 15): bgCount ##41
,D/ActivityThread( 6725): Added TimaKeyStore provider
,E/ActivityThread( 6725): Unable to setupGraphicsSupport due to missing cache directory
,I/ActivityManager(  887): Process com.samsung.android.sdk.samsunglink (pid 6725)(adj 0) has died(171,571)
,E/ActivityManager(  887): checkUser: useridlist=null, currentuser=0
,E/ActivityManager(  887): checkUser: useridlist=null, currentuser=0
E/ActivityManager(  887): checkUser: useridlist=null, currentuser=0
,E/ActivityManager(  887): checkUser: useridlist=null, currentuser=0
,I/ActivityManager(  887): Start proc com.osp.app.signin for broadcast com.osp.app.signin/com.msc.sa.selfupdate.SelfUpgradeReceiver: pid=6741 uid=10045 gids={50045, 9997, 3003, 1028, 1015} abi=armeabi-v7a
,D/ActivityThread( 6741): Added TimaKeyStore provider
,E/ActivityThread( 6741): Unable to setupGraphicsSupport due to missing cache directory
,I/ActivityManager(  887): Process com.osp.app.signin (pid 6741)(adj 0) has died(171,571)
,I/ActivityManager(  887): Process android.process.acore (pid 1769)(adj 0) has died(180,571)


samsung-SM-A500FU: 
--------- beginning of main
--------- beginning of system
W/ActivityManager( 1015): userId = 0, bbcId = -10000
W/ActivityManager( 1015): NORMAL SET : dst_category = 1023, src_allowCategory = 0,701-1023
W/ActivityManager( 1015): NORMAL SET : srcAppInfo.processName = com.osp.app.signin, destAppInfo.processName = com.osp.app.signin
D/ActivityManager( 1015): retrieveServiceLocked(): component = com.osp.app.signin/com.osp.app.signin.BootDbCheck; callingUser = 0; userId(target) = 0
E/ActivityManager( 1015): checkUser: useridlist=null, currentuser=0
E/ActivityManager( 1015): checkUser: useridlist=null, currentuser=0
E/ActivityManager( 1015): checkUser: useridlist=null, currentuser=0
E/ActivityManager( 1015): checkUser: useridlist=null, currentuser=0
I/ActivityManager( 1015): Start proc com.android.providers.calendar for broadcast com.android.providers.calendar/.CalendarReceiver: pid=4003 uid=10042 gids={50042, 9997, 3003, 1028, 1015} abi=armeabi-v7a
E/ActivityManager( 1015): checkUser: useridlist=null, currentuser=0
E/ActivityManager( 1015): checkUser: useridlist=null, currentuser=0
E/ActivityManager( 1015): checkUser: useridlist=null, currentuser=0
E/ActivityManager( 1015): checkUser: useridlist=null, currentuser=0
D/ActivityThread( 4003): Added TimaKeyStore provider
I/ActivityManager( 1015): Start proc com.android.calendar for broadcast com.android.calendar/.alerts.AlertReceiver: pid=4019 uid=10135 gids={50135, 9997, 3003, 1028, 1015, 1023, 3002} abi=armeabi-v7a
I/ActivityManager( 1015): Killing 3149:com.dropbox.android/u0a92 (adj 15): empty #31
D/ActivityManager( 1015): retrieveServiceLocked(): component = com.google.android.gms/com.google.android.gms.icing.service.IndexWorkerService; callingUser = 0; userId(target) = 0
W/ActivityManager( 1015): userId = 0, bbcId = -10000
W/ActivityManager( 1015): NORMAL SET : dst_category = 701, src_allowCategory = 0,701-1023
W/ActivityManager( 1015): NORMAL SET : srcAppInfo.processName = com.google.android.gms, destAppInfo.processName = com.google.android.gms
D/ActivityManager( 1015): retrieveServiceLocked(): component = com.google.android.gms/com.google.android.gms.icing.service.IndexWorkerService; callingUser = 0; userId(target) = 0
W/ActivityManager( 1015): userId = 0, bbcId = -10000
W/ActivityManager( 1015): NORMAL SET : dst_category = 701, src_allowCategory = 0,701-1023
W/ActivityManager( 1015): NORMAL SET : srcAppInfo.processName = com.google.android.gms, destAppInfo.processName = com.google.android.gms
I/ActivityManager( 1015): Killing 3191:com.samsung.android.scloud.sync/u0a62 (adj 15): empty #31
D/ActivityThread( 4019): Added TimaKeyStore provider
D/ActivityManager( 1015): retrieveServiceLocked(): component = com.android.calendar/com.android.calendar.alerts.AlertService; callingUser = 0; userId(target) = 0
W/ActivityManager( 1015): userId = 0, bbcId = -10000
W/ActivityManager( 1015): NORMAL SET : dst_category = 0, src_allowCategory = 0,2-1023
W/ActivityManager( 1015): NORMAL SET : srcAppInfo.processName = com.android.calendar, destAppInfo.processName = com.android.calendar
D/ActivityManager( 1015): retrieveServiceLocked(): component = com.google.android.gms/com.google.android.gms.icing.service.IndexWorkerService; callingUser = 0; userId(target) = 0
W/ActivityManager( 1015): userId = 0, bbcId = -10000
W/ActivityManager( 1015): NORMAL SET : dst_category = 701, src_allowCategory = 0,701-1023
W/ActivityManager( 1015): NORMAL SET : srcAppInfo.processName = com.google.android.gms, destAppInfo.processName = com.google.android.gms
D/ActivityManager( 1015): retrieveServiceLocked(): component = com.google.android.gms/com.google.android.gms.icing.service.IndexWorkerService; callingUser = 0; userId(target) = 0
W/ActivityManager( 1015): userId = 0, bbcId = -10000
W/ActivityManager( 1015): NORMAL SET : dst_category = 701, src_allowCategory = 0,701-1023
W/ActivityManager( 1015): NORMAL SET : srcAppInfo.processName = com.google.android.gms, destAppInfo.processName = com.google.android.gms
D/ActivityManager( 1015): retrieveServiceLocked(): component = com.android.calendar/com.android.calendar.alerts.TaskAlertService; callingUser = 0; userId(target) = 0
W/ActivityManager( 1015): userId = 0, bbcId = -10000
W/ActivityManager( 1015): NORMAL SET : dst_category = 0, src_allowCategory = 0,2-1023
W/ActivityManager( 1015): NORMAL SET : srcAppInfo.processName = com.android.calendar, destAppInfo.processName = com.android.calendar
E/ActivityManager( 1015): checkUser: useridlist=null, currentuser=0
E/ActivityManager( 1015): checkUser: useridlist=null, currentuser=0
E/ActivityManager( 1015): checkUser: useridlist=null, currentuser=0
E/ActivityManager( 1015): checkUser: useridlist=null, currentuser=0
I/ActivityManager( 1015): Start proc com.sec.android.app.camera for broadcast com.sec.android.app.camera/.BootCamera: pid=4044 uid=10139 gids={50139, 9997, 1028, 1015, 3003, 1023} abi=armeabi-v7a
D/ActivityManager( 1015): retrieveServiceLocked(): component = com.google.android.gms/com.google.android.gms.icing.service.IndexWorkerService; callingUser = 0; userId(target) = 0
W/ActivityManager( 1015): userId = 0, bbcId = -10000
W/ActivityManager( 1015): NORMAL SET : dst_category = 701, src_allowCategory = 0,701-1023
W/ActivityManager( 1015): NORMAL SET : srcAppInfo.processName = com.google.android.gms, destAppInfo.processName = com.google.android.gms
D/ActivityThread( 4044): Added TimaKeyStore provider
D/ActivityManager( 1015): retrieveServiceLocked(): component = com.google.android.gms/com.google.android.gms.icing.service.IndexWorkerService; callingUser = 0; userId(target) = 0
W/ActivityManager( 1015): userId = 0, bbcId = -10000
W/ActivityManager( 1015): NORMAL SET : dst_category = 701, src_allowCategory = 0,701-1023
W/ActivityManager( 1015): NORMAL SET : srcAppInfo.processName = com.google.android.gms, destAppInfo.processName = com.google.android.gms
D/ActivityManager( 1015): retrieveServiceLocked(): component = com.google.android.gms/com.google.android.gms.icing.service.IndexWorkerService; callingUser = 0; userId(target) = 0
W/ActivityManager( 1015): userId = 0, bbcId = -10000
W/ActivityManager( 1015): NORMAL SET : dst_category = 701, src_allowCategory = 0,701-1023
W/ActivityManager( 1015): NORMAL SET : srcAppInfo.processName = com.google.android.gms, destAppInfo.processName = com.google.android.gms
D/ActivityManager( 1015): retrieveServiceLocked(): component = com.google.android.gms/com.google.android.gms.icing.service.IndexWorkerService; callingUser = 0; userId(target) = 0
W/ActivityManager( 1015): userId = 0, bbcId = -10000
W/ActivityManager( 1015): NORMAL SET : dst_category = 701, src_allowCategory = 0,701-1023
W/ActivityManager( 1015): NORMAL SET : srcAppInfo.processName = com.google.android.gms, destAppInfo.processName = com.google.android.gms
I/ActivityManager( 1015): Killing 3207:com.fmm.ds/1000 (adj 15): empty #31
D/ActivityManager( 1015): retrieveServiceLocked(): component = com.google.android.gms/com.google.android.gms.icing.service.IndexWorkerService; callingUser = 0; userId(target) = 0
W/ActivityManager( 1015): userId = 0, bbcId = -10000
W/ActivityManager( 1015): NORMAL SET : dst_category = 701, src_allowCategory = 0,701-1023
W/ActivityManager( 1015): NORMAL SET : srcAppInfo.processName = com.google.android.gms, destAppInfo.processName = com.google.android.gms
E/ActivityManager( 1015): checkUser: useridlist=null, currentuser=0
E/ActivityManager( 1015): checkUser: useridlist=null, currentuser=0
E/ActivityManager( 1015): checkUser: useridlist=null, currentuser=0
E/ActivityManager( 1015): checkUser: useridlist=null, currentuser=0
I/ActivityManager( 1015): Start proc com.android.email for broadcast com.android.email/.service.EmailBroadcastReceiver: pid=4060 uid=10145 gids={50145, 9997, 3003, 1028, 1015, 1023, 3002, 3001, 1003} abi=armeabi-v7a
D/ActivityManager( 1015): retrieveServiceLocked(): component = com.google.android.gms/com.google.android.gms.icing.service.IndexWorkerService; callingUser = 0; userId(target) = 0
W/ActivityManager( 1015): userId = 0, bbcId = -10000
W/ActivityManager( 1015): NORMAL SET : dst_category = 701, src_allowCategory = 0,701-1023
W/ActivityManager( 1015): NORMAL SET : srcAppInfo.processName = com.google.android.gms, destAppInfo.processName = com.google.android.gms
D/ActivityManager( 1015): retrieveServiceLocked(): component = com.google.android.gms/com.google.android.gms.icing.service.IndexWorkerService; callingUser = 0; userId(target) = 0
W/ActivityManager( 1015): userId = 0, bbcId = -10000
W/ActivityManager( 1015): NORMAL SET : dst_category = 701, src_allowCategory = 0,701-1023
W/ActivityManager( 1015): NORMAL SET : srcAppInfo.processName = com.google.android.gms, destAppInfo.processName = com.google.android.gms
D/ActivityManager( 1015): retrieveServiceLocked(): component = com.google.android.gms/com.google.android.gms.icing.service.IndexWorkerService; callingUser = 0; userId(target) = 0
W/ActivityManager( 1015): userId = 0, bbcId = -10000
W/ActivityManager( 1015): NORMAL SET : dst_category = 701, src_allowCategory = 0,701-1023
W/ActivityManager( 1015): NORMAL SET : srcAppInfo.processName = com.google.android.gms, destAppInfo.processName = com.google.android.gms
D/ActivityThread( 4060): Added TimaKeyStore provider
D/ActivityManager( 1015): retrieveServiceLocked(): component = com.google.android.gms/com.google.android.gms.icing.service.IndexWorkerService; callingUser = 0; userId(target) = 0
W/ActivityManager( 1015): userId = 0, bbcId = -10000
W/ActivityManager( 1015): NORMAL SET : dst_category = 701, src_allowCategory = 0,701-1023
W/ActivityManager( 1015): NORMAL SET : srcAppInfo.processName = com.google.android.gms, destAppInfo.processName = com.google.android.gms
D/ActivityManager( 1015): retrieveServiceLocked(): component = com.android.providers.calendar/com.android.providers.calendar.EmptyService; callingUser = 0; userId(target) = 0
W/ActivityManager( 1015): userId = 0, bbcId = -10000
W/ActivityManager( 1015): NORMAL SET : dst_category = 0, src_allowCategory = 0,2-1023
W/ActivityManager( 1015): NORMAL SET : srcAppInfo.processName = com.android.providers.calendar, destAppInfo.processName = com.android.providers.calendar
D/ActivityManager( 1015): retrieveServiceLocked(): component = com.android.providers.calendar/com.android.providers.calendar.EmptyService; callingUser = 0; userId(target) = 0
W/ActivityManager( 1015): userId = 0, bbcId = -10000
W/ActivityManager( 1015): NORMAL SET : dst_category = 0, src_allowCategory = 0,2-1023
W/ActivityManager( 1015): NORMAL SET : srcAppInfo.processName = com.android.providers.calendar, destAppInfo.processName = com.android.providers.calendar
I/ActivityManager( 1015): Killing 3239:com.dropbox.android:crash_uploader/u0a92 (adj 15): empty #31
E/ActivityManager( 1015): checkUser: useridlist=null, currentuser=0
E/ActivityManager( 1015): checkUser: useridlist=null, currentuser=0
E/ActivityManager( 1015): checkUser: useridlist=null, currentuser=0
E/ActivityManager( 1015): checkUser: useridlist=null, currentuser=0
,I/ActivityManager( 1015): Start proc com.sec.android.provider.badge for content provider com.sec.android.provider.badge/.BadgeProvider: pid=4088 uid=10072 gids={50072, 9997} abi=armeabi-v7a
D/ActivityThread( 4088): Added TimaKeyStore provider
D/ActivityManager( 1015): retrieveServiceLocked(): component = com.android.email/com.android.email.service.EmailBroadcastProcessorService; callingUser = 0; userId(target) = 0
W/ActivityManager( 1015): userId = 0, bbcId = -10000
W/ActivityManager( 1015): NORMAL SET : dst_category = 0, src_allowCategory = 0,2-1023
W/ActivityManager( 1015): NORMAL SET : srcAppInfo.processName = com.android.email, destAppInfo.processName = com.android.email
E/ActivityManager( 1015): checkUser: useridlist=null, currentuser=0
E/ActivityManager( 1015): checkUser: useridlist=null, currentuser=0
E/ActivityManager( 1015): checkUser: useridlist=null, currentuser=0
E/ActivityManager( 1015): checkUser: useridlist=null, currentuser=0
I/ActivityManager( 1015): Start proc com.android.exchange for broadcast com.android.exchange/.service.ExchangeBroadcastReceiver: pid=4112 uid=10146 gids={50146, 9997, 3003, 1028, 1015, 3002, 3001} abi=armeabi-v7a
I/ActivityManager( 1015): Killing 3004:com.sec.android.fotaclient/u0a9 (adj 15): empty #31
I/ActivityManager( 1015): Killing 3264:com.sec.android.app.servicemodeapp/1000 (adj 15): empty #32
D/ActivityThread( 4112): Added TimaKeyStore provider
D/ActivityManager( 1015): retrieveServiceLocked(): component = com.android.exchange/com.android.exchange.service.ExchangeBroadcastProcessorService; callingUser = 0; userId(target) = 0
W/ActivityManager( 1015): userId = 0, bbcId = -10000
W/ActivityManager( 1015): NORMAL SET : dst_category = 0, src_allowCategory = 0,2-1023
W/ActivityManager( 1015): NORMAL SET : srcAppInfo.processName = com.android.exchange, destAppInfo.processName = com.android.exchange
E/ActivityManager( 1015): checkUser: useridlist=null, currentuser=0
E/ActivityManager( 1015): checkUser: useridlist=null, currentuser=0
E/ActivityManager( 1015): checkUser: useridlist=null, currentuser=0
E/ActivityManager( 1015): checkUser: useridlist=null, currentuser=0
I/ActivityManager( 1015): Start proc com.sec.android.app.SecSetupWizard for broadcast com.sec.android.app.SecSetupWizard/.SetupIntentReceiver: pid=4130 uid=1000 gids={41000, 9997, 3002, 3001, 3003, 1028, 1015, 1007, 1023, 2001, 1024, 1001, 1021, 3004, 3005, 1000, 3009, 1010} abi=armeabi-v7a
I/ActivityManager( 1015): Killing 3319:com.google.android.onetimeinitializer/u0a14 (adj 15): empty #31
D/ActivityThread( 4130): Added TimaKeyStore provider
W/ActivityManager( 1015): getTasks: caller 10146 does not hold GET_TASKS; limiting output
D/ActivityManager( 1015): retrieveServiceLocked(): component = com.android.email/com.android.email.service.AttachmentDownloadService; callingUser = 0; userId(target) = 0
W/ActivityManager( 1015): Unable to start service Intent { cmp=com.android.email/.service.AttachmentDownloadService } U=0: not found
D/ActivityManager( 1015): retrieveServiceLocked(): component = com.android.email/com.android.email.service.EmailDebugService; callingUser = 0; userId(target) = 0
D/ActivityManager( 1015): retrieveServiceLocked(): component = com.android.email/com.android.email.legacypush.ImapPushService; callingUser = 0; userId(target) = 0
W/ActivityManager( 1015): getTasks: caller 10145 does not hold GET_TASKS; limiting output
I/ActivityManager( 1015): Killing 3305:com.wssnps/1000 (adj 15): empty #31
W/ActivityManager( 1015): userId = 0, bbcId = -10000
W/ActivityManager( 1015): NORMAL SET : dst_category = 0, src_allowCategory = 0,2-1023
W/ActivityManager( 1015): NORMAL SET : srcAppInfo.processName = com.android.phone, destAppInfo.processName = system
W/ActivityManager( 1015): userId = 0, bbcId = -10000
W/ActivityManager( 1015): NORMAL SET : dst_category = 0, src_allowCategory = 0,2-1023
W/ActivityManager( 1015): NORMAL SET : srcAppInfo.processName = com.android.phone, destAppInfo.processName = com.android.phone
I/ActivityManager( 1015): Process com.android.exchange (pid 4112)(adj 9) has died(45,1098)
W/ActivityManager( 1015): userId = 0, bbcId = -10000
W/ActivityManager( 1015): NORMAL SET : dst_category = 701, src_allowCategory = 0,701-1023
W/ActivityManager( 1015): NORMAL SET : srcAppInfo.processName = com.google.android.gms, destAppInfo.processName = com.google.android.gms
W/ActivityManager( 1015): userId = 0, bbcId = -10000
W/ActivityManager( 1015): NORMAL SET : dst_category = 701, src_allowCategory = 0,701-1023
W/ActivityManager( 1015): NORMAL SET : srcAppInfo.processName = com.google.android.gms, destAppInfo.processName = com.google.android.gms
W/ActivityManager( 1015): userId = 0, bbcId = -10000
W/ActivityManager( 1015): NORMAL SET : dst_category = 701, src_allowCategory = 0,701-1023
W/ActivityManager( 1015): NORMAL SET : srcAppInfo.processName = com.google.android.gms, destAppInfo.processName = com.google.android.gms
W/ActivityManager( 1015): userId = 0, bbcId = -10000
W/ActivityManager( 1015): NORMAL SET : dst_category = 701, src_allowCategory = 0,701-1023
W/ActivityManager( 1015): NORMAL SET : srcAppInfo.processName = com.google.android.gms, destAppInfo.processName = com.google.android.gms
D/ActivityManager( 1015): retrieveServiceLocked(): component = null; callingUser = 0; userId(target) = 0
W/ActivityManager( 1015): userId = 0, bbcId = -10000
W/ActivityManager( 1015): NORMAL SET : dst_category = 701, src_allowCategory = 0,701-1023
W/ActivityManager( 1015): NORMAL SET : srcAppInfo.processName = com.google.android.gms, destAppInfo.processName = com.google.android.gms
I/ActivityManager( 1015): Process com.android.email (pid 4060)(adj 11) has died(49,1098)
W/ActivityManager( 1015): userId = 0, bbcId = -10000
W/ActivityManager( 1015): NORMAL SET : dst_category = 701, src_allowCategory = 0,701-1023
W/ActivityManager( 1015): NORMAL SET : srcAppInfo.processName = com.google.android.gms, destAppInfo.processName = com.google.android.gms
W/ActivityManager( 1015): userId = 0, bbcId = -10000
W/ActivityManager( 1015): NORMAL SET : dst_category = 701, src_allowCategory = 0,701-1023
W/ActivityManager( 1015): NORMAL SET : srcAppInfo.processName = com.google.android.gms, destAppInfo.processName = com.google.android.gms
W/ActivityManager( 1015): userId = 0, bbcId = -10000
W/ActivityManager( 1015): NORMAL SET : dst_category = 701, src_allowCategory = 0,701-1023
W/ActivityManager( 1015): NORMAL SET : srcAppInfo.processName = com.google.android.gms, destAppInfo.processName = com.google.android.gms
I/ActivityManager( 1015): do not start freezing screen for locked container getKeyguardshowstate = false
W/ActivityManager( 1015): userId = 0, bbcId = -10000
W/ActivityManager( 1015): NORMAL SET : dst_category = 701, src_allowCategory = 0,701-1023
W/ActivityManager( 1015): NORMAL SET : srcAppInfo.processName = com.google.android.gms, destAppInfo.processName = com.google.android.gms
D/ActivityManager( 1015): retrieveServiceLocked(): component = null; callingUser = 0; userId(target) = 0
W/ActivityManager( 1015): userId = 0, bbcId = -10000
W/ActivityManager( 1015): NORMAL SET : dst_category = 701, src_allowCategory = 0,701-1023
W/ActivityManager( 1015): NORMAL SET : srcAppInfo.processName = com.google.android.gms, destAppInfo.processName = com.google.android.gms
W/ActivityManager( 1015): mDVFSHelper.acquire()
W/ActivityManager( 1015): userId = 0, bbcId = -10000
W/ActivityManager( 1015): NORMAL SET : dst_category = 701, src_allowCategory = 0,701-1023
W/ActivityManager( 1015): NORMAL SET : srcAppInfo.processName = com.google.android.gms, destAppInfo.processName = com.google.android.gms
W/ActivityManager( 1015): userId = 0, bbcId = -10000
W/ActivityManager( 1015): NORMAL SET : dst_category = 701, src_allowCategory = 0,701-1023
W/ActivityManager( 1015): NORMAL SET : srcAppInfo.processName = com.google.android.gms, destAppInfo.processName = com.google.android.gms
D/ActivityManager( 1015): retrieveServiceLocked(): component = com.google.android.gms/com.google.android.gms.deviceconnection.service.DeviceConnectionServiceBroker; callingUser = 0; userId(target) = 0
W/ActivityManager( 1015): userId = 0, bbcId = -10000
W/ActivityManager( 1015): NORMAL SET : dst_category = 701, src_allowCategory = 0,701-1023
W/ActivityManager( 1015): NORMAL SET : srcAppInfo.processName = com.google.android.gms, destAppInfo.processName = com.google.android.gms
D/ActivityManager( 1015): retrieveServiceLocked(): component = com.google.android.gms/com.google.android.gms.gcm.GcmService; callingUser = 0; userId(target) = 0
W/ActivityManager( 1015): userId = 0, bbcId = -10000
W/ActivityManager( 1015): NORMAL SET : dst_category = 701, src_allowCategory = 0,701-1023
W/ActivityManager( 1015): NORMAL SET : srcAppInfo.processName = com.google.process.gapps, destAppInfo.processName = com.google.android.gms
D/ActivityManager( 1015): retrieveServiceLocked(): component = com.google.android.gms/com.google.android.gms.lockbox.LockboxService; callingUser = 0; userId(target) = 0
W/ActivityManager( 1015): userId = 0, bbcId = -10000
W/ActivityManager( 1015): NORMAL SET : dst_category = 701, src_allowCategory = 0,701-1023
W/ActivityManager( 1015): NORMAL SET : srcAppInfo.processName = com.google.android.gms, destAppInfo.processName = com.google.android.gms
E/ActivityManager( 1015): checkUser: useridlist=null, currentuser=0
E/ActivityManager( 1015): checkUser: useridlist=null, currentuser=0
E/ActivityManager( 1015): checkUser: useridlist=null, currentuser=0
E/ActivityManager( 1015): checkUser: useridlist=null, currentuser=0
I/ActivityManager( 1015): Start proc com.example.hello for activity com.example.hello/.MainActivity: pid=4163 uid=10174 gids={50174, 9997, 3003, 3001, 3002} abi=armeabi-v7a
W/ActivityManager( 1015): userId = 0, bbcId = -10000
W/ActivityManager( 1015): NORMAL SET : dst_category = 701, src_allowCategory = 0,701-1023
W/ActivityManager( 1015): NORMAL SET : srcAppInfo.processName = com.google.android.gms, destAppInfo.processName = com.google.android.gms
D/ActivityManager( 1015): retrieveServiceLocked(): component = com.google.android.gms/com.google.android.gms.analytics.service.AnalyticsService; callingUser = 0; userId(target) = 0
W/ActivityManager( 1015): userId = 0, bbcId = -10000
W/ActivityManager( 1015): NORMAL SET : dst_category = 701, src_allowCategory = 0,701-1023
W/ActivityManager( 1015): NORMAL SET : srcAppInfo.processName = com.google.android.gm, destAppInfo.processName = com.google.android.gms
D/ActivityManager( 1015): retrieveServiceLocked(): component = null; callingUser = 0; userId(target) = 0
W/ActivityManager( 1015): userId = 0, bbcId = -10000
W/ActivityManager( 1015): NORMAL SET : dst_category = 701, src_allowCategory = 0,701-1023
V/ActivityThread( 1487): updateVisibility : ActivityRecord{2f66ccb9 token=android.os.BinderProxy@3d314456 {com.sec.android.app.launcher/com.android.launcher2.Launcher}} show : true
W/ActivityManager( 1015): NORMAL SET : srcAppInfo.processName = com.google.process.gapps, destAppInfo.processName = com.google.android.gms
D/ActivityManager( 1015): retrieveServiceLocked(): component = null; callingUser = 0; userId(target) = 0
W/ActivityManager( 1015): userId = 0, bbcId = -10000
W/ActivityManager( 1015): NORMAL SET : dst_category = 701, src_allowCategory = 0,701-1023
W/ActivityManager( 1015): NORMAL SET : srcAppInfo.processName = com.google.process.gapps, destAppInfo.processName = com.google.android.gms
W/ActivityManager( 1015): userId = 0, bbcId = -10000
W/ActivityManager( 1015): NORMAL SET : dst_category = 701, src_allowCategory = 0,701-1023
W/ActivityManager( 1015): NORMAL SET : srcAppInfo.processName = com.google.android.gms, destAppInfo.processName = com.google.android.gms
W/ActivityManager( 1015): userId = 0, bbcId = -10000
W/ActivityManager( 1015): NORMAL SET : dst_category = 701, src_allowCategory = 0,701-1023
W/ActivityManager( 1015): NORMAL SET : srcAppInfo.processName = com.google.android.gms, destAppInfo.processName = com.google.android.gms
D/ActivityManager( 1015): retrieveServiceLocked(): component = com.google.android.gms/com.google.android.gms.auth.be.account.AccountStatusChecker$InitializeService; callingUser = 0; userId(target) = 0
W/ActivityManager( 1015): userId = 0, bbcId = -10000
W/ActivityManager( 1015): NORMAL SET : dst_category = 701, src_allowCategory = 0,701-1023
W/ActivityManager( 1015): NORMAL SET : srcAppInfo.processName = com.google.process.gapps, destAppInfo.processName = com.google.android.gms
W/ActivityManager( 1015): userId = 0, bbcId = -10000
W/ActivityManager( 1015): NORMAL SET : dst_category = 701, src_allowCategory = 0,701-1023
W/ActivityManager( 1015): NORMAL SET : srcAppInfo.processName = com.google.android.gms, destAppInfo.processName = com.google.android.gms
D/ActivityThread( 4163): Added TimaKeyStore provider
V/ActivityThread( 1487): updateVisibility : ActivityRecord{2f66ccb9 token=android.os.BinderProxy@3d314456 {com.sec.android.app.launcher/com.android.launcher2.Launcher}} show : false
W/ActivityManager( 1015): userId = 0, bbcId = -10000
W/ActivityManager( 1015): NORMAL SET : dst_category = 701, src_allowCategory = 0,701-1023
W/ActivityManager( 1015): NORMAL SET : srcAppInfo.processName = com.google.android.gms, destAppInfo.processName = com.google.android.gms
D/ActivityManager( 1015): retrieveServiceLocked(): component = com.google.android.gms/com.google.android.gms.auth.crypto.ChannelBindingStateService; callingUser = 0; userId(target) = 0
W/ActivityManager( 1015): userId = 0, bbcId = -10000
W/ActivityManager( 1015): NORMAL SET : dst_category = 701, src_allowCategory = 0,701-1023
W/ActivityManager( 1015): NORMAL SET : srcAppInfo.processName = com.google.process.gapps, destAppInfo.processName = com.google.android.gms
W/ActivityManager( 1015): userId = 0, bbcId = -10000
W/ActivityManager( 1015): NORMAL SET : dst_category = 701, src_allowCategory = 0,701-1023
W/ActivityManager( 1015): NORMAL SET : srcAppInfo.processName = com.google.android.gms, destAppInfo.processName = com.google.android.gms
D/ActivityManager( 1015): retrieveServiceLocked(): component = com.google.android.gms/com.google.android.gms.common.stats.GmsCoreStatsService; callingUser = 0; userId(target) = 0
W/ActivityManager( 1015): userId = 0, bbcId = -10000
W/ActivityManager( 1015): NORMAL SET : dst_category = 701, src_allowCategory = 0,701-1023
W/ActivityManager( 1015): NORMAL SET : srcAppInfo.processName = com.google.android.gms, destAppInfo.processName = com.google.android.gms
W/ActivityManager( 1015): userId = 0, bbcId = -10000
W/ActivityManager( 1015): NORMAL SET : dst_category = 0, src_allowCategory = 0,2-1023
W/ActivityManager( 1015): NORMAL SET : srcAppInfo.processName = com.android.phone, destAppInfo.processName = system
W/ActivityManager( 1015): userId = 0, bbcId = -10000
W/ActivityManager( 1015): NORMAL SET : dst_category = 0, src_allowCategory = 0,2-1023
W/ActivityManager( 1015): NORMAL SET : srcAppInfo.processName = com.android.phone, destAppInfo.processName = system
W/ActivityManager( 1015): userId = 0, bbcId = -10000
W/ActivityManager( 1015): NORMAL SET : dst_category = 0, src_allowCategory = 0,2-1023
W/ActivityManager( 1015): NORMAL SET : srcAppInfo.processName = com.android.phone, destAppInfo.processName = system
,W/ActivityManager( 1015): userId = 0, bbcId = -10000
W/ActivityManager( 1015): NORMAL SET : dst_category = 0, src_allowCategory = 0,2-1023
W/ActivityManager( 1015): NORMAL SET : srcAppInfo.processName = com.android.phone, destAppInfo.processName = system
,W/ActivityManager( 1015): userId = 0, bbcId = -10000
W/ActivityManager( 1015): NORMAL SET : dst_category = 0, src_allowCategory = 0,2-1023
W/ActivityManager( 1015): NORMAL SET : srcAppInfo.processName = com.android.phone, destAppInfo.processName = system
,W/ActivityManager( 1015): userId = 0, bbcId = -10000
,W/ActivityManager( 1015): NORMAL SET : dst_category = 0, src_allowCategory = 0,2-1023
W/ActivityManager( 1015): NORMAL SET : srcAppInfo.processName = com.android.phone, destAppInfo.processName = system
,W/ActivityManager( 1015): userId = 0, bbcId = -10000
W/ActivityManager( 1015): NORMAL SET : dst_category = 0, src_allowCategory = 0,2-1023
W/ActivityManager( 1015): NORMAL SET : srcAppInfo.processName = com.android.phone, destAppInfo.processName = system
,W/ActivityManager( 1015): userId = 0, bbcId = -10000
W/ActivityManager( 1015): NORMAL SET : dst_category = 0, src_allowCategory = 0,2-1023
W/ActivityManager( 1015): NORMAL SET : srcAppInfo.processName = com.android.phone, destAppInfo.processName = system
,W/ActivityManager( 1015): userId = 0, bbcId = -10000
W/ActivityManager( 1015): NORMAL SET : dst_category = 0, src_allowCategory = 0,2-1023
W/ActivityManager( 1015): NORMAL SET : srcAppInfo.processName = com.android.phone, destAppInfo.processName = system
,W/ActivityManager( 1015): userId = 0, bbcId = -10000
W/ActivityManager( 1015): NORMAL SET : dst_category = 0, src_allowCategory = 0,2-1023
W/ActivityManager( 1015): NORMAL SET : srcAppInfo.processName = com.android.phone, destAppInfo.processName = system
,W/ActivityManager( 1015): userId = 0, bbcId = -10000
W/ActivityManager( 1015): NORMAL SET : dst_category = 0, src_allowCategory = 0,2-1023
W/ActivityManager( 1015): NORMAL SET : srcAppInfo.processName = com.android.phone, destAppInfo.processName = system
,W/ActivityManager( 1015): userId = 0, bbcId = -10000
W/ActivityManager( 1015): NORMAL SET : dst_category = 0, src_allowCategory = 0,2-1023
W/ActivityManager( 1015): NORMAL SET : srcAppInfo.processName = com.android.phone, destAppInfo.processName = system
,D/ActivityManager( 1015): retrieveServiceLocked(): component = com.android.providers.calendar/com.android.providers.calendar.EmptyService; callingUser = 0; userId(target) = 0
,W/ActivityManager( 1015): userId = 0, bbcId = -10000
,W/ActivityManager( 1015): NORMAL SET : dst_category = 0, src_allowCategory = 0,2-1023
W/ActivityManager( 1015): NORMAL SET : srcAppInfo.processName = com.android.providers.calendar, destAppInfo.processName = com.android.providers.calendar
,W/ActivityManager( 1015): userId = 0, bbcId = -10000
,W/ActivityManager( 1015): NORMAL SET : dst_category = 0, src_allowCategory = 0,2-1023
W/ActivityManager( 1015): NORMAL SET : srcAppInfo.processName = com.android.phone, destAppInfo.processName = system
,W/ActivityManager( 1015): userId = 0, bbcId = -10000
,W/ActivityManager( 1015): NORMAL SET : dst_category = 0, src_allowCategory = 0,2-1023
W/ActivityManager( 1015): NORMAL SET : srcAppInfo.processName = com.android.phone, destAppInfo.processName = system
,W/ActivityManager( 1015): userId = 0, bbcId = -10000
,W/ActivityManager( 1015): NORMAL SET : dst_category = 0, src_allowCategory = 0,2-1023
W/ActivityManager( 1015): NORMAL SET : srcAppInfo.processName = com.android.phone, destAppInfo.processName = system
,W/ActivityManager( 1015): userId = 0, bbcId = -10000
,W/ActivityManager( 1015): NORMAL SET : dst_category = 0, src_allowCategory = 0,2-1023
,W/ActivityManager( 1015): NORMAL SET : srcAppInfo.processName = com.android.contacts, destAppInfo.processName = com.android.contacts
,D/ActivityManager( 1015): retrieveServiceLocked(): component = com.android.contacts/com.samsung.contacts.sim.MakeSimDBService; callingUser = 0; userId(target) = 0
,W/ActivityManager( 1015): userId = 0, bbcId = -10000
,W/ActivityManager( 1015): NORMAL SET : dst_category = 0, src_allowCategory = 0,2-1023
W/ActivityManager( 1015): NORMAL SET : srcAppInfo.processName = com.android.contacts, destAppInfo.processName = com.android.contacts
,D/ActivityManager( 1015): retrieveServiceLocked(): component = com.android.providers.calendar/com.android.providers.calendar.EmptyService; callingUser = 0; userId(target) = 0
,W/ActivityManager( 1015): userId = 0, bbcId = -10000
W/ActivityManager( 1015): NORMAL SET : dst_category = 701, src_allowCategory = 0,701-1023
W/ActivityManager( 1015): NORMAL SET : srcAppInfo.processName = com.google.process.gapps, destAppInfo.processName = com.google.android.gms
,W/ActivityManager( 1015): userId = 0, bbcId = -10000
,W/ActivityManager( 1015): NORMAL SET : dst_category = 701, src_allowCategory = 0,701-1023
W/ActivityManager( 1015): NORMAL SET : srcAppInfo.processName = com.google.process.gapps, destAppInfo.processName = com.google.android.gms
,W/ActivityManager( 1015): userId = 0, bbcId = -10000
,W/ActivityManager( 1015): NORMAL SET : dst_category = 701, src_allowCategory = 0,701-1023
,W/ActivityManager( 1015): NORMAL SET : srcAppInfo.processName = com.google.process.gapps, destAppInfo.processName = com.google.android.gms
,W/ActivityManager( 1015): userId = 0, bbcId = -10000
,W/ActivityManager( 1015): NORMAL SET : dst_category = 701, src_allowCategory = 0,701-1023
W/ActivityManager( 1015): NORMAL SET : srcAppInfo.processName = com.google.process.gapps, destAppInfo.processName = com.google.android.gms
,W/ActivityManager( 1015): userId = 0, bbcId = -10000
,W/ActivityManager( 1015): NORMAL SET : dst_category = 701, src_allowCategory = 0,701-1023
W/ActivityManager( 1015): NORMAL SET : srcAppInfo.processName = com.google.process.gapps, destAppInfo.processName = com.google.android.gms
,W/ActivityManager( 1015): userId = 0, bbcId = -10000
,W/ActivityManager( 1015): NORMAL SET : dst_category = 701, src_allowCategory = 0,701-1023
W/ActivityManager( 1015): NORMAL SET : srcAppInfo.processName = com.google.process.gapps, destAppInfo.processName = com.google.android.gms
,W/ActivityManager( 1015): userId = 0, bbcId = -10000
,W/ActivityManager( 1015): NORMAL SET : dst_category = 701, src_allowCategory = 0,701-1023
W/ActivityManager( 1015): NORMAL SET : srcAppInfo.processName = com.google.process.gapps, destAppInfo.processName = com.google.android.gms
,D/ActivityManager( 1015): retrieveServiceLocked(): component = null; callingUser = 0; userId(target) = 0
,W/ActivityManager( 1015): userId = 0, bbcId = -10000,
W/ActivityManager( 1015): NORMAL SET : dst_category = 701, src_allowCategory = 0,701-1023
,W/ActivityManager( 1015): NORMAL SET : srcAppInfo.processName = com.google.process.gapps, destAppInfo.processName = com.google.android.gms
,D/ActivityManager( 1015): retrieveServiceLocked(): component = null; callingUser = 0; userId(target) = 0
W/ActivityManager( 1015): userId = 0, bbcId = -10000
W/ActivityManager( 1015): NORMAL SET : dst_category = 701, src_allowCategory = 0,701-1023
W/ActivityManager( 1015): NORMAL SET : srcAppInfo.processName = com.google.android.gms, destAppInfo.processName = com.google.android.gms
,W/ActivityManager( 1015): userId = 0, bbcId = -10000
W/ActivityManager( 1015): NORMAL SET : dst_category = 701, src_allowCategory = 0,701-1023
W/ActivityManager( 1015): NORMAL SET : srcAppInfo.processName = com.google.process.gapps, destAppInfo.processName = com.google.android.gms
,W/ActivityManager( 1015): userId = 0, bbcId = -10000
W/ActivityManager( 1015): NORMAL SET : dst_category = 701, src_allowCategory = 0,701-1023
W/ActivityManager( 1015): NORMAL SET : srcAppInfo.processName = com.google.process.gapps, destAppInfo.processName = com.google.android.gms
